===== NE daemon session start 2026-09-03 07:03:39 +0000 pid=24451 log=/var/log/NE/packet.log =====
[ENV] /opt/SEP/be/.env holds VAULT config only; POSTGRES_* come from Vault kv/secret
[VAULT] config from /opt/SEP/be/.env (addr=http://127.0.0.1:8200/ unseal_keys=3 token=set debug=0)
[VAULT] unseal via HTTP addr=http://127.0.0.1:8200/ (timeout=10s)
[VAULT] unseal ok (already unsealed)
[VAULT] config from /opt/SEP/be/.env (addr=http://127.0.0.1:8200/ unseal_keys=3 token=set debug=0)
[VAULT] HTTP kv get kv/secret (timeout=10s)
[VAULT] POSTGRES_* loaded from kv/secret
[ENV] POSTGRES_* ready (from Vault kv/secret; NE_VAULT_DEBUG=0)
[IPC] Listening on Unix Socket: /var/run/test_network-encryptor.sock
[DP-CONF] no spare housekeeping CPU; control threads left unpinned
[DAEMON] listening xdp_start + xdp_wan_admin — use /usr/bin/bin-ne/network-encryptor -id <id> | -di <wan> | -ai <wan> | -gs <name>

[STOP] shutting down (Ctrl+C / SIGTERM)

===== NE daemon session start 2026-09-03 07:04:36 +0000 pid=24532 log=/var/log/NE/packet.log =====
[ENV] /opt/SEP/be/.env holds VAULT config only; POSTGRES_* come from Vault kv/secret
[VAULT] config from /opt/SEP/be/.env (addr=http://127.0.0.1:8200/ unseal_keys=3 token=set debug=0)
[VAULT] unseal via HTTP addr=http://127.0.0.1:8200/ (timeout=10s)
[VAULT] unseal ok (already unsealed)
[VAULT] config from /opt/SEP/be/.env (addr=http://127.0.0.1:8200/ unseal_keys=3 token=set debug=0)
[VAULT] HTTP kv get kv/secret (timeout=10s)
[VAULT] POSTGRES_* loaded from kv/secret
[ENV] POSTGRES_* ready (from Vault kv/secret; NE_VAULT_DEBUG=0)
[IPC] Listening on Unix Socket: /var/run/test_network-encryptor.sock
[DP-CONF] no spare housekeeping CPU; control threads left unpinned
[DAEMON] listening xdp_start + xdp_wan_admin — use /usr/bin/bin-ne/network-encryptor -id <id> | -di <wan> | -ai <wan> | -gs <name>

[NOTIFY] profile 75
[DB] bridge pair profile=NE br=Br0 LAN enp1s0f0 <-> WAN enp2s0f0 (dp=0)
[DB-PQC-DBG] ENTER load_and_bind_policy: policy=2 profile=75 conn_status=OK
[DB-PQC-DBG] policy=2 tunnel query status=PGRES_TUPLES_OK ntuples=1 err=''
[DB-PQC] Tunnel resolved: Name=t_PQC, LocalIP=10.0.0.2, PeerIP=10.0.0.1
[PQC-VAULT-LOG] SUCCESS: Key [remote_public/0cb86e99.key] retrieved 100% directly from HashiCorp Vault (REST Endpoint: http://127.0.0.1:8200//v1/kv/data/PQC-Key/remote_public/0cb86e99.key)
[PQC-VAULT-LOG] SUCCESS: Loaded peer public key [0cb86e99.key] 100% from HashiCorp Vault (remote_public).
[PQC-VAULT-LOG] Fingerprint [2b109332]: Querying HashiCorp Vault directly...
[PQC-VAULT-LOG] SUCCESS: Key [local_private/2b109332.key] retrieved 100% directly from HashiCorp Vault (REST Endpoint: http://127.0.0.1:8200//v1/kv/data/PQC-Key/local_private/2b109332.key)
[PQC-VAULT-LOG] SUCCESS: Key [local_public/2b109332.key] retrieved 100% directly from HashiCorp Vault (REST Endpoint: http://127.0.0.1:8200//v1/kv/data/PQC-Key/local_public/2b109332.key)
[PQC-VAULT-LOG] SUCCESS: Loaded local private key and public key for [2b109332] from HashiCorp Vault.
[DB-PQC-DBG] CALLING sig_pqc_bind_policy for policy=2...
[PQC-BIND] Policy 2 bound in RAM (Local FG: 2b109332, Peer FG: 0cb86e99, Role Mode: DYNAMIC, WAN: t_PQC, Peer IP: 10.0.0.1).
[DB-PQC-DBG] sig_pqc_bind_policy RETURNED for policy=2
[LOAD] active: 75

[DB] profile 75 — loaded from Postgres
| profiles: 1   | policies: 1   |

  [system] processing: db-load
+------+--------------+----------+-------------------+--------+
| role | interface    | bridge   | mac               | state  |
+------+--------------+----------+-------------------+--------+
| lan  | enp1s0f0     | Br0      | -                 | -      |
| wan  | enp2s0f0     | Br0      | -                 | -      |
+------+--------------+----------+-------------------+--------+

[FRAG] runtime MTU set to 1500
[DP-STATS] enabled (set NE_DP_STATS=0 to disable); FLOW loss is inferred from authenticated NE sequence gaps, not copied from iperf3
[DP-IDLE] adaptive idle (set NE_DP_BUSY_POLL=1 to spin)
[PROFILE-XDP] prepare: scrub leftover XDP on configured LAN/WAN
[STOP] 1788419093.930 xdp detach begin enp1s0f0
[STOP] 1788419093.930 xdp detach done enp1s0f0
[STOP] 1788419093.931 xdp detach begin enp2s0f0
[STOP] 1788419093.931 xdp detach done enp2s0f0
[STOP] 1788419094.131 xdp detach begin enp1s0f0
[STOP] 1788419094.132 xdp detach done enp1s0f0
[STOP] 1788419094.132 xdp detach begin enp2s0f0
[STOP] 1788419094.133 xdp detach done enp2s0f0
[CRYPTO-GUARD] profile 75 (NE) WAN IN 5-tuple gate OFF (catch-all any/any) (0 compact rules)
[ARP] mode=mac-fdb+flood-whohas-only | arp_encrypt=1 (policy-independent) | key=arp-default | opt=L2-PQC/ARP
[PQC-HS] Starting VPN/L3 handshake for Profile 75
[PQC-HS] Spawned independent Handshake Worker for Policy 2 (Profile 75)
[PQC-DISPATCHER] UDP Listener running on port 7090
[PQC-WORKER] Handshake Worker started for Policy 2 (Profile 75)
[PQC-WORKER] Policy 2 keys loaded. Starting VPN/L3 state machine (role: DYNAMIC (resolving...))
[PQC-WORKER-L3] Policy 2: Dynamic role resolved. Local IP: 10.0.0.2 (167772162), Peer IP: 10.0.0.1 (167772161). Resolved Role: INITIATOR
[PQC-WORKER-L3] Initiator Policy 2 sending HELLO session 3132174106 (try: 1)...
[STOP] 1788419094.144 xdp detach begin enp1s0f0
[STOP] 1788419094.145 xdp detach done enp1s0f0
[STOP] 1788419094.145 xdp detach begin enp2s0f0
[STOP] 1788419094.145 xdp detach done enp2s0f0
[PQC-HS] Initiator Handshake SUCCESS for Policy 2. Promoted new key ID: 1 to CURRENT. Key prefix: D8BFC0D0...
[PQC-WORKER-L3] Handshake SUCCESS for Policy 2!

  [ne-key] processing: match
+----------+----------+----------+----------+
| profile  | policy   | ne       | pqc_hs   |
+----------+----------+----------+----------+
| 75       | 2        | D8BFC0D0 | D8BFC0D0 |
+----------+----------+----------+----------+
[PROFILE-XDP] cold attach: 1 LAN, 1 WAN(dp)
[STOP] 1788419094.863 xdp detach begin enp1s0f0
[STOP] 1788419094.864 xdp detach done enp1s0f0
[PROFILE-XDP] attach OK LAN enp1s0f0 (drv)
[STOP] 1788419095.055 xdp detach begin enp2s0f0
[STOP] 1788419095.056 xdp detach done enp2s0f0
[PROFILE-XDP] attach OK WAN enp2s0f0 (drv)

  [system] processing: restore loaded=1
+------+--------------+----------+-------------------+--------+
| role | interface    | bridge   | mac               | state  |
+------+--------------+----------+-------------------+--------+
| lan  | enp1s0f0     | Br0      | 3c:ec:ef:c2:20:12 | -      |
| wan  | enp2s0f0     | Br0      | -                 | -      |
+------+--------------+----------+-------------------+--------+
[MAC-FDB] saved 2 (ram=1 orphan_kept=1) -> /var/log/NE/mac_lan.log
[MAC-FDB] restored 1 (skipped ifname=1 other=0) from /var/log/NE/mac_lan.log

  [system] processing: init
+------+--------------+----------+-------------------+--------+
| role | interface    | bridge   | mac               | state  |
+------+--------------+----------+-------------------+--------+
| lan  | enp1s0f0     | Br0      | 3c:ec:ef:c2:20:12 | -      |
| wan  | enp2s0f0     | Br0      | -                 | UP     |
+------+--------------+----------+-------------------+--------+
[CFM-INIT] CFM started on 1 WAN(s)
[DP-CONF] active TX slots=4 (configured=4, limited by XSK queues)
[DP-CONF] RX_LAN (1): 0
[DP-CONF] TX (4): 1 2 9 10
[DP-CONF] CRYPTO (6): 3 4 5 6 7 8
[DP-CONF] RX_WAN (1): 11
+-- DATAPLANE ready --+
| mode: single-profile (1 UMEM/process; multi-profile UMEM later) |

  [system] processing: dataplane-ready
+------+--------------+----------+-------------------+--------+
| role | interface    | bridge   | mac               | state  |
+------+--------------+----------+-------------------+--------+
| lan  | enp1s0f0     | Br0      | 3c:ec:ef:c2:20:12 | -      |
| wan  | enp2s0f0     | Br0      | -                 | UP     |
+------+--------------+----------+-------------------+--------+


  [system] processing: learn-peer if=enp2s0f0 mac=6c:fe:54:00:1e:90
+------+--------------+----------+-------------------+--------+
| role | interface    | bridge   | mac               | state  |
+------+--------------+----------+-------------------+--------+
| lan  | enp1s0f0     | Br0      | 3c:ec:ef:c2:20:12 | -      |
| wan  | enp2s0f0     | Br0      | 6c:fe:54:00:1e:90 | UP     |
+------+--------------+----------+-------------------+--------+

===== NE daemon session start 2026-09-03 07:05:24 +0000 pid=24674 log=/var/log/NE/packet.log =====
[ENV] /opt/SEP/be/.env holds VAULT config only; POSTGRES_* come from Vault kv/secret
[VAULT] config from /opt/SEP/be/.env (addr=http://127.0.0.1:8200/ unseal_keys=3 token=set debug=0)
[VAULT] unseal via HTTP addr=http://127.0.0.1:8200/ (timeout=10s)
[VAULT] unseal ok (already unsealed)
[VAULT] config from /opt/SEP/be/.env (addr=http://127.0.0.1:8200/ unseal_keys=3 token=set debug=0)
[VAULT] HTTP kv get kv/secret (timeout=10s)
[VAULT] POSTGRES_* loaded from kv/secret
[ENV] POSTGRES_* ready (from Vault kv/secret; NE_VAULT_DEBUG=0)
[IPC] Listening on Unix Socket: /var/run/test_network-encryptor.sock
[DP-CONF] no spare housekeeping CPU; control threads left unpinned
[DAEMON] listening xdp_start + xdp_wan_admin — use ./network-encryptor -id <id> | -di <wan> | -ai <wan> | -gs <name>

[STOP] shutting down (Ctrl+C / SIGTERM)
[DP-STATS] ts=2026-09-03T07:05:45+0000 interval=51.4s LAN_RX=0.00G WAN_RX=0.15G TX_WAN=0.00G TX_LAN=0.14G bypass=0 local_drop=0 wan_fwd=589402 wan_drop=0 wan_policy_drop=0 rx_ring_drop(lan=0 wan=0) mid_ring_drop=0 seq_untracked=0
[DP-STATS] ring_depth lan_to_mid=0 wan_to_mid=26 mid_to_wan=0 mid_to_local=1 tx_no_free(lan=0 wan=0) tx_full(lan=0 wan=0) pool_free=655282
[XDP-STATS] kernel_drop_delta lan(sockets=12 errors=0 rx_drop=0 ring_full=0 fill_empty=0 invalid_rx=0) wan(sockets=12 errors=0 rx_drop=0 ring_full=0 fill_empty=0 invalid_rx=0) tx_invalid(lan=0 wan=0) tx_empty(lan=1471900 wan=1173929)
[DP-STATS] bond_reorder held=0 released=0 late_dup=0 gap_skip=0 overflow=0 evicted=0 held_high_water=0
[DP-STATS] bond_reorder_proto tcp(h=0 r=0 late=0 gap=0 ovf=0 evict=0) udp(h=0 r=0 late=0 gap=0 ovf=0 evict=0)
[DP-STATS] tx_slot_gbps tx0(L=0.04G W=0.00G) tx1(L=0.04G W=0.00G) tx2(L=0.03G W=0.00G) tx3(L=0.03G W=0.00G)
[DP-STATS] route_connections crypto=[2,2,2,2,1,1] tx=[3,3,2,2]
[DP-STATS] crypto pps=[w0:4583 w1:4583 w2:4583 w3:4583 w4:2292 w5:2291] q_lan=[0,0,0,0,0,0] q_wan=[5,0,0,0,0,0] drop=[0,0,0,0,0,0]
[DP-STATS] ts=2026-09-03T07:05:49+0000 interval=4.5s LAN_RX=0.00G WAN_RX=6.93G TX_WAN=0.00G TX_LAN=6.47G bypass=0 local_drop=0 wan_fwd=3017360 wan_drop=0 wan_policy_drop=0 rx_ring_drop(lan=0 wan=0) mid_ring_drop=0 seq_untracked=0
[DP-STATS] ring_depth lan_to_mid=0 wan_to_mid=13 mid_to_wan=0 mid_to_local=5 tx_no_free(lan=0 wan=0) tx_full(lan=0 wan=0) pool_free=655279
[XDP-STATS] kernel_drop_delta lan(sockets=12 errors=0 rx_drop=0 ring_full=0 fill_empty=0 invalid_rx=0) wan(sockets=12 errors=0 rx_drop=0 ring_full=0 fill_empty=0 invalid_rx=0) tx_invalid(lan=0 wan=0) tx_empty(lan=1480289 wan=232358)
[DP-STATS] bond_reorder held=0 released=0 late_dup=0 gap_skip=0 overflow=0 evicted=0 held_high_water=0
[DP-STATS] bond_reorder_proto tcp(h=0 r=0 late=0 gap=0 ovf=0 evict=0) udp(h=0 r=0 late=0 gap=0 ovf=0 evict=0)
[DP-STATS] tx_slot_gbps tx0(L=1.94G W=0.00G) tx1(L=1.94G W=0.00G) tx2(L=1.29G W=0.00G) tx3(L=1.29G W=0.00G)
[DP-STATS] route_connections crypto=[2,2,2,2,1,1] tx=[3,3,2,2]
[DP-STATS] crypto pps=[w0:214005 w1:214008 w2:214004 w3:214013 w4:107006 w5:107005] q_lan=[0,0,0,0,0,0] q_wan=[0,0,0,0,0,0] drop=[0,0,0,0,0,0]
[DP-STATS] ts=2026-09-03T07:05:54+0000 interval=4.5s LAN_RX=0.00G WAN_RX=6.93G TX_WAN=0.00G TX_LAN=6.47G bypass=0 local_drop=0 wan_fwd=5441446 wan_drop=0 wan_policy_drop=0 rx_ring_drop(lan=0 wan=0) mid_ring_drop=0 seq_untracked=0
[DP-STATS] ring_depth lan_to_mid=0 wan_to_mid=0 mid_to_wan=0 mid_to_local=8 tx_no_free(lan=0 wan=0) tx_full(lan=0 wan=0) pool_free=655257
[XDP-STATS] kernel_drop_delta lan(sockets=12 errors=0 rx_drop=0 ring_full=0 fill_empty=0 invalid_rx=0) wan(sockets=12 errors=0 rx_drop=0 ring_full=0 fill_empty=0 invalid_rx=0) tx_invalid(lan=0 wan=0) tx_empty(lan=1473065 wan=231384)
[DP-STATS] bond_reorder held=0 released=0 late_dup=0 gap_skip=0 overflow=0 evicted=0 held_high_water=0
[DP-STATS] bond_reorder_proto tcp(h=0 r=0 late=0 gap=0 ovf=0 evict=0) udp(h=0 r=0 late=0 gap=0 ovf=0 evict=0)
[DP-STATS] tx_slot_gbps tx0(L=1.94G W=0.00G) tx1(L=1.94G W=0.00G) tx2(L=1.29G W=0.00G) tx3(L=1.29G W=0.00G)
[DP-STATS] route_connections crypto=[2,2,2,2,1,1] tx=[3,3,2,2]
[DP-STATS] crypto pps=[w0:214010 w1:214006 w2:214002 w3:214001 w4:107001 w5:107006] q_lan=[0,0,0,0,0,0] q_wan=[0,0,20,16,0,0] drop=[0,0,0,0,0,0]
[DP-STATS] ts=2026-09-03T07:05:58+0000 interval=4.5s LAN_RX=0.00G WAN_RX=6.93G TX_WAN=0.00G TX_LAN=6.47G bypass=0 local_drop=0 wan_fwd=7873340 wan_drop=0 wan_policy_drop=0 rx_ring_drop(lan=0 wan=0) mid_ring_drop=0 seq_untracked=0
[DP-STATS] ring_depth lan_to_mid=0 wan_to_mid=44 mid_to_wan=0 mid_to_local=6 tx_no_free(lan=0 wan=0) tx_full(lan=0 wan=0) pool_free=655264
[XDP-STATS] kernel_drop_delta lan(sockets=12 errors=0 rx_drop=0 ring_full=0 fill_empty=0 invalid_rx=0) wan(sockets=12 errors=0 rx_drop=0 ring_full=0 fill_empty=0 invalid_rx=0) tx_invalid(lan=0 wan=0) tx_empty(lan=1472300 wan=216168)
[DP-STATS] bond_reorder held=0 released=0 late_dup=0 gap_skip=0 overflow=0 evicted=0 held_high_water=0
[DP-STATS] bond_reorder_proto tcp(h=0 r=0 late=0 gap=0 ovf=0 evict=0) udp(h=0 r=0 late=0 gap=0 ovf=0 evict=0)
[DP-STATS] tx_slot_gbps tx0(L=1.94G W=0.00G) tx1(L=1.94G W=0.00G) tx2(L=1.29G W=0.00G) tx3(L=1.29G W=0.00G)
[DP-STATS] route_connections crypto=[2,2,2,2,1,1] tx=[3,3,2,2]
[DP-STATS] crypto pps=[w0:214007 w1:214004 w2:214014 w3:214010 w4:107005 w5:106999] q_lan=[0,0,0,0,0,0] q_wan=[0,0,0,14,0,0] drop=[0,0,0,0,0,0]
[DP-STATS] ts=2026-09-03T07:06:03+0000 interval=4.6s LAN_RX=0.00G WAN_RX=6.93G TX_WAN=0.00G TX_LAN=6.47G bypass=0 local_drop=0 wan_fwd=10324417 wan_drop=0 wan_policy_drop=0 rx_ring_drop(lan=0 wan=0) mid_ring_drop=0 seq_untracked=0
[DP-STATS] ring_depth lan_to_mid=0 wan_to_mid=52 mid_to_wan=0 mid_to_local=11 tx_no_free(lan=0 wan=0) tx_full(lan=0 wan=0) pool_free=655228
[XDP-STATS] kernel_drop_delta lan(sockets=12 errors=0 rx_drop=0 ring_full=0 fill_empty=0 invalid_rx=0) wan(sockets=12 errors=0 rx_drop=0 ring_full=0 fill_empty=0 invalid_rx=0) tx_invalid(lan=0 wan=0) tx_empty(lan=1487118 wan=217452)
[DP-STATS] bond_reorder held=0 released=0 late_dup=0 gap_skip=0 overflow=0 evicted=0 held_high_water=0
[DP-STATS] bond_reorder_proto tcp(h=0 r=0 late=0 gap=0 ovf=0 evict=0) udp(h=0 r=0 late=0 gap=0 ovf=0 evict=0)
[DP-STATS] tx_slot_gbps tx0(L=1.94G W=0.00G) tx1(L=1.94G W=0.00G) tx2(L=1.29G W=0.00G) tx3(L=1.29G W=0.00G)
[DP-STATS] route_connections crypto=[2,2,2,2,1,1] tx=[3,3,2,2]
[DP-STATS] crypto pps=[w0:214007 w1:214012 w2:214001 w3:214009 w4:107002 w5:107004] q_lan=[0,0,0,0,0,0] q_wan=[0,0,12,0,0,0] drop=[0,0,0,0,0,0]
[DP-STATS] ts=2026-09-03T07:06:08+0000 interval=4.6s LAN_RX=0.00G WAN_RX=6.93G TX_WAN=0.00G TX_LAN=6.47G bypass=0 local_drop=0 wan_fwd=12760246 wan_drop=0 wan_policy_drop=0 rx_ring_drop(lan=0 wan=0) mid_ring_drop=0 seq_untracked=0
[DP-STATS] ring_depth lan_to_mid=0 wan_to_mid=0 mid_to_wan=0 mid_to_local=16 tx_no_free(lan=0 wan=0) tx_full(lan=0 wan=0) pool_free=655309
[XDP-STATS] kernel_drop_delta lan(sockets=12 errors=0 rx_drop=0 ring_full=0 fill_empty=0 invalid_rx=0) wan(sockets=12 errors=0 rx_drop=0 ring_full=0 fill_empty=0 invalid_rx=0) tx_invalid(lan=0 wan=0) tx_empty(lan=1477734 wan=207468)
[DP-STATS] bond_reorder held=0 released=0 late_dup=0 gap_skip=0 overflow=0 evicted=0 held_high_water=0
[DP-STATS] bond_reorder_proto tcp(h=0 r=0 late=0 gap=0 ovf=0 evict=0) udp(h=0 r=0 late=0 gap=0 ovf=0 evict=0)
[DP-STATS] tx_slot_gbps tx0(L=1.94G W=0.00G) tx1(L=1.94G W=0.00G) tx2(L=1.29G W=0.00G) tx3(L=1.29G W=0.00G)
[DP-STATS] route_connections crypto=[2,2,2,2,1,1] tx=[3,3,2,2]
[DP-STATS] crypto pps=[w0:214005 w1:214006 w2:214006 w3:214004 w4:107004 w5:107006] q_lan=[0,0,0,0,0,0] q_wan=[2,0,0,10,0,5] drop=[0,0,0,0,0,0]
[DP-STATS] ts=2026-09-03T07:06:12+0000 interval=4.6s LAN_RX=0.00G WAN_RX=6.93G TX_WAN=0.00G TX_LAN=6.47G bypass=0 local_drop=0 wan_fwd=15210349 wan_drop=0 wan_policy_drop=0 rx_ring_drop(lan=0 wan=0) mid_ring_drop=0 seq_untracked=0
[DP-STATS] ring_depth lan_to_mid=0 wan_to_mid=0 mid_to_wan=0 mid_to_local=1 tx_no_free(lan=0 wan=0) tx_full(lan=0 wan=0) pool_free=655309
[XDP-STATS] kernel_drop_delta lan(sockets=12 errors=0 rx_drop=0 ring_full=0 fill_empty=0 invalid_rx=0) wan(sockets=12 errors=0 rx_drop=0 ring_full=0 fill_empty=0 invalid_rx=0) tx_invalid(lan=0 wan=0) tx_empty(lan=1489057 wan=208524)
[DP-STATS] bond_reorder held=0 released=0 late_dup=0 gap_skip=0 overflow=0 evicted=0 held_high_water=0
[DP-STATS] bond_reorder_proto tcp(h=0 r=0 late=0 gap=0 ovf=0 evict=0) udp(h=0 r=0 late=0 gap=0 ovf=0 evict=0)
[DP-STATS] tx_slot_gbps tx0(L=1.94G W=0.00G) tx1(L=1.94G W=0.00G) tx2(L=1.29G W=0.00G) tx3(L=1.29G W=0.00G)
[DP-STATS] route_connections crypto=[2,2,2,2,1,1] tx=[3,3,2,2]
[DP-STATS] crypto pps=[w0:214004 w1:214009 w2:214009 w3:214004 w4:107002 w5:107003] q_lan=[0,0,0,0,0,0] q_wan=[22,7,19,24,8,4] drop=[0,0,0,0,0,0]
[DP-STATS] ts=2026-09-03T07:06:17+0000 interval=4.5s LAN_RX=0.00G WAN_RX=6.93G TX_WAN=0.00G TX_LAN=6.47G bypass=0 local_drop=0 wan_fwd=17640164 wan_drop=0 wan_policy_drop=0 rx_ring_drop(lan=0 wan=0) mid_ring_drop=0 seq_untracked=0
[DP-STATS] ring_depth lan_to_mid=0 wan_to_mid=48 mid_to_wan=0 mid_to_local=0 tx_no_free(lan=0 wan=0) tx_full(lan=0 wan=0) pool_free=655278
[XDP-STATS] kernel_drop_delta lan(sockets=12 errors=0 rx_drop=0 ring_full=0 fill_empty=0 invalid_rx=0) wan(sockets=12 errors=0 rx_drop=0 ring_full=0 fill_empty=0 invalid_rx=0) tx_invalid(lan=0 wan=0) tx_empty(lan=1476828 wan=217308)
[DP-STATS] bond_reorder held=0 released=0 late_dup=0 gap_skip=0 overflow=0 evicted=0 held_high_water=0
[DP-STATS] bond_reorder_proto tcp(h=0 r=0 late=0 gap=0 ovf=0 evict=0) udp(h=0 r=0 late=0 gap=0 ovf=0 evict=0)
[DP-STATS] tx_slot_gbps tx0(L=1.94G W=0.00G) tx1(L=1.94G W=0.00G) tx2(L=1.29G W=0.00G) tx3(L=1.29G W=0.00G)
[DP-STATS] route_connections crypto=[2,2,2,2,1,1] tx=[3,3,2,2]
[DP-STATS] crypto pps=[w0:214001 w1:214005 w2:214006 w3:214006 w4:107005 w5:106999] q_lan=[0,0,0,0,0,0] q_wan=[18,0,0,0,0,0] drop=[0,0,0,0,0,0]
[DP-STATS] ts=2026-09-03T07:06:21+0000 interval=4.5s LAN_RX=0.00G WAN_RX=6.93G TX_WAN=0.00G TX_LAN=6.47G bypass=0 local_drop=0 wan_fwd=20073875 wan_drop=0 wan_policy_drop=0 rx_ring_drop(lan=0 wan=0) mid_ring_drop=0 seq_untracked=0
[DP-STATS] ring_depth lan_to_mid=0 wan_to_mid=79 mid_to_wan=0 mid_to_local=21 tx_no_free(lan=0 wan=0) tx_full(lan=0 wan=0) pool_free=655227
[XDP-STATS] kernel_drop_delta lan(sockets=12 errors=0 rx_drop=0 ring_full=0 fill_empty=0 invalid_rx=0) wan(sockets=12 errors=0 rx_drop=0 ring_full=0 fill_empty=0 invalid_rx=0) tx_invalid(lan=0 wan=0) tx_empty(lan=1480473 wan=216636)
[DP-STATS] bond_reorder held=0 released=0 late_dup=0 gap_skip=0 overflow=0 evicted=0 held_high_water=0
[DP-STATS] bond_reorder_proto tcp(h=0 r=0 late=0 gap=0 ovf=0 evict=0) udp(h=0 r=0 late=0 gap=0 ovf=0 evict=0)
[DP-STATS] tx_slot_gbps tx0(L=1.94G W=0.00G) tx1(L=1.94G W=0.00G) tx2(L=1.29G W=0.00G) tx3(L=1.29G W=0.00G)
[DP-STATS] route_connections crypto=[2,2,2,2,1,1] tx=[3,3,2,2]
[DP-STATS] crypto pps=[w0:214010 w1:214009 w2:214008 w3:214012 w4:107002 w5:107006] q_lan=[0,0,0,0,0,0] q_wan=[25,5,2,8,0,0] drop=[0,0,0,0,0,0]
[DP-STATS] ts=2026-09-03T07:06:26+0000 interval=4.6s LAN_RX=0.00G WAN_RX=6.93G TX_WAN=0.00G TX_LAN=6.47G bypass=0 local_drop=0 wan_fwd=22512299 wan_drop=0 wan_policy_drop=0 rx_ring_drop(lan=0 wan=0) mid_ring_drop=0 seq_untracked=0
[DP-STATS] ring_depth lan_to_mid=0 wan_to_mid=54 mid_to_wan=0 mid_to_local=14 tx_no_free(lan=0 wan=0) tx_full(lan=0 wan=0) pool_free=655225
[XDP-STATS] kernel_drop_delta lan(sockets=12 errors=0 rx_drop=0 ring_full=0 fill_empty=0 invalid_rx=0) wan(sockets=12 errors=0 rx_drop=0 ring_full=0 fill_empty=0 invalid_rx=0) tx_invalid(lan=0 wan=0) tx_empty(lan=1475994 wan=212245)
[DP-STATS] bond_reorder held=0 released=0 late_dup=0 gap_skip=0 overflow=0 evicted=0 held_high_water=0
[DP-STATS] bond_reorder_proto tcp(h=0 r=0 late=0 gap=0 ovf=0 evict=0) udp(h=0 r=0 late=0 gap=0 ovf=0 evict=0)
[DP-STATS] tx_slot_gbps tx0(L=1.94G W=0.00G) tx1(L=1.94G W=0.00G) tx2(L=1.29G W=0.00G) tx3(L=1.29G W=0.00G)
[DP-STATS] route_connections crypto=[2,2,2,2,1,1] tx=[3,3,2,2]
[DP-STATS] crypto pps=[w0:214004 w1:214012 w2:214008 w3:214006 w4:107005 w5:107005] q_lan=[0,0,0,0,0,0] q_wan=[0,0,0,0,0,0] drop=[0,0,0,0,0,0]
[DP-STATS] ts=2026-09-03T07:06:30+0000 interval=4.6s LAN_RX=0.00G WAN_RX=6.93G TX_WAN=0.00G TX_LAN=6.47G bypass=0 local_drop=0 wan_fwd=24950073 wan_drop=0 wan_policy_drop=0 rx_ring_drop(lan=0 wan=0) mid_ring_drop=0 seq_untracked=0
[DP-STATS] ring_depth lan_to_mid=0 wan_to_mid=0 mid_to_wan=0 mid_to_local=6 tx_no_free(lan=0 wan=0) tx_full(lan=0 wan=0) pool_free=655286
[XDP-STATS] kernel_drop_delta lan(sockets=12 errors=0 rx_drop=0 ring_full=0 fill_empty=0 invalid_rx=0) wan(sockets=12 errors=0 rx_drop=0 ring_full=0 fill_empty=0 invalid_rx=0) tx_invalid(lan=0 wan=0) tx_empty(lan=1490179 wan=220176)
[DP-STATS] bond_reorder held=0 released=0 late_dup=0 gap_skip=0 overflow=0 evicted=0 held_high_water=0
[DP-STATS] bond_reorder_proto tcp(h=0 r=0 late=0 gap=0 ovf=0 evict=0) udp(h=0 r=0 late=0 gap=0 ovf=0 evict=0)
[DP-STATS] tx_slot_gbps tx0(L=1.94G W=0.00G) tx1(L=1.94G W=0.00G) tx2(L=1.29G W=0.00G) tx3(L=1.29G W=0.00G)
[DP-STATS] route_connections crypto=[2,2,2,2,1,1] tx=[3,3,2,2]
[DP-STATS] crypto pps=[w0:214010 w1:214004 w2:214006 w3:214003 w4:107003 w5:107001] q_lan=[0,0,0,0,0,0] q_wan=[12,4,0,2,0,0] drop=[0,0,0,0,0,0]
[DP-STATS] ts=2026-09-03T07:06:35+0000 interval=4.5s LAN_RX=0.00G WAN_RX=6.93G TX_WAN=0.00G TX_LAN=6.47G bypass=0 local_drop=0 wan_fwd=27375304 wan_drop=0 wan_policy_drop=0 rx_ring_drop(lan=0 wan=0) mid_ring_drop=0 seq_untracked=0
[DP-STATS] ring_depth lan_to_mid=0 wan_to_mid=24 mid_to_wan=0 mid_to_local=12 tx_no_free(lan=0 wan=0) tx_full(lan=0 wan=0) pool_free=655276
[XDP-STATS] kernel_drop_delta lan(sockets=12 errors=0 rx_drop=0 ring_full=0 fill_empty=0 invalid_rx=0) wan(sockets=12 errors=0 rx_drop=0 ring_full=0 fill_empty=0 invalid_rx=0) tx_invalid(lan=0 wan=0) tx_empty(lan=1470550 wan=221124)
[DP-STATS] bond_reorder held=0 released=0 late_dup=0 gap_skip=0 overflow=0 evicted=0 held_high_water=0
[DP-STATS] bond_reorder_proto tcp(h=0 r=0 late=0 gap=0 ovf=0 evict=0) udp(h=0 r=0 late=0 gap=0 ovf=0 evict=0)
[DP-STATS] tx_slot_gbps tx0(L=1.94G W=0.00G) tx1(L=1.94G W=0.00G) tx2(L=1.29G W=0.00G) tx3(L=1.29G W=0.00G)
[DP-STATS] route_connections crypto=[2,2,2,2,1,1] tx=[3,3,2,2]
[DP-STATS] crypto pps=[w0:214003 w1:214004 w2:214008 w3:214007 w4:107004 w5:107005] q_lan=[0,0,0,0,0,0] q_wan=[17,28,0,18,8,1] drop=[0,0,0,0,0,0]
[DP-STATS] ts=2026-09-03T07:06:40+0000 interval=4.6s LAN_RX=0.00G WAN_RX=6.93G TX_WAN=0.00G TX_LAN=6.47G bypass=0 local_drop=0 wan_fwd=29823141 wan_drop=0 wan_policy_drop=0 rx_ring_drop(lan=0 wan=0) mid_ring_drop=0 seq_untracked=0
[DP-STATS] ring_depth lan_to_mid=0 wan_to_mid=0 mid_to_wan=0 mid_to_local=0 tx_no_free(lan=0 wan=0) tx_full(lan=0 wan=0) pool_free=655295
[XDP-STATS] kernel_drop_delta lan(sockets=12 errors=0 rx_drop=0 ring_full=0 fill_empty=0 invalid_rx=0) wan(sockets=12 errors=0 rx_drop=0 ring_full=0 fill_empty=0 invalid_rx=0) tx_invalid(lan=0 wan=0) tx_empty(lan=1480916 wan=201060)
[DP-STATS] bond_reorder held=0 released=0 late_dup=0 gap_skip=0 overflow=0 evicted=0 held_high_water=0
[DP-STATS] bond_reorder_proto tcp(h=0 r=0 late=0 gap=0 ovf=0 evict=0) udp(h=0 r=0 late=0 gap=0 ovf=0 evict=0)
[DP-STATS] tx_slot_gbps tx0(L=1.94G W=0.00G) tx1(L=1.94G W=0.00G) tx2(L=1.29G W=0.00G) tx3(L=1.29G W=0.00G)
[DP-STATS] route_connections crypto=[2,2,2,2,1,1] tx=[3,3,2,2]
[DP-STATS] crypto pps=[w0:214008 w1:214009 w2:214006 w3:214005 w4:107004 w5:107003] q_lan=[0,0,0,0,0,0] q_wan=[34,0,18,34,0,0] drop=[0,0,0,0,0,0]
[DP-STATS] ts=2026-09-03T07:06:44+0000 interval=4.6s LAN_RX=0.00G WAN_RX=6.93G TX_WAN=0.00G TX_LAN=6.47G bypass=0 local_drop=0 wan_fwd=32273197 wan_drop=0 wan_policy_drop=0 rx_ring_drop(lan=0 wan=0) mid_ring_drop=0 seq_untracked=0
[DP-STATS] ring_depth lan_to_mid=0 wan_to_mid=39 mid_to_wan=0 mid_to_local=13 tx_no_free(lan=0 wan=0) tx_full(lan=0 wan=0) pool_free=655262
[XDP-STATS] kernel_drop_delta lan(sockets=12 errors=0 rx_drop=0 ring_full=0 fill_empty=0 invalid_rx=0) wan(sockets=12 errors=0 rx_drop=0 ring_full=0 fill_empty=0 invalid_rx=0) tx_invalid(lan=0 wan=0) tx_empty(lan=1490211 wan=208872)
[DP-STATS] bond_reorder held=0 released=0 late_dup=0 gap_skip=0 overflow=0 evicted=0 held_high_water=0
[DP-STATS] bond_reorder_proto tcp(h=0 r=0 late=0 gap=0 ovf=0 evict=0) udp(h=0 r=0 late=0 gap=0 ovf=0 evict=0)
[DP-STATS] tx_slot_gbps tx0(L=1.94G W=0.00G) tx1(L=1.94G W=0.00G) tx2(L=1.29G W=0.00G) tx3(L=1.29G W=0.00G)
[DP-STATS] route_connections crypto=[2,2,2,2,1,1] tx=[3,3,2,2]
[DP-STATS] crypto pps=[w0:214004 w1:214005 w2:214001 w3:214007 w4:107004 w5:107003] q_lan=[0,0,0,0,0,0] q_wan=[14,6,0,0,0,0] drop=[0,0,0,0,0,0]
[DP-STATS] ts=2026-09-03T07:06:49+0000 interval=4.5s LAN_RX=0.00G WAN_RX=6.93G TX_WAN=0.00G TX_LAN=6.47G bypass=0 local_drop=0 wan_fwd=34703717 wan_drop=0 wan_policy_drop=0 rx_ring_drop(lan=0 wan=0) mid_ring_drop=0 seq_untracked=0
[DP-STATS] ring_depth lan_to_mid=0 wan_to_mid=26 mid_to_wan=0 mid_to_local=2 tx_no_free(lan=0 wan=0) tx_full(lan=0 wan=0) pool_free=655294
[XDP-STATS] kernel_drop_delta lan(sockets=12 errors=0 rx_drop=0 ring_full=0 fill_empty=0 invalid_rx=0) wan(sockets=12 errors=0 rx_drop=0 ring_full=0 fill_empty=0 invalid_rx=0) tx_invalid(lan=0 wan=0) tx_empty(lan=1478487 wan=216864)
[DP-STATS] bond_reorder held=0 released=0 late_dup=0 gap_skip=0 overflow=0 evicted=0 held_high_water=0
[DP-STATS] bond_reorder_proto tcp(h=0 r=0 late=0 gap=0 ovf=0 evict=0) udp(h=0 r=0 late=0 gap=0 ovf=0 evict=0)
[DP-STATS] tx_slot_gbps tx0(L=1.94G W=0.00G) tx1(L=1.94G W=0.00G) tx2(L=1.29G W=0.00G) tx3(L=1.29G W=0.00G)
[DP-STATS] route_connections crypto=[2,2,2,2,1,1] tx=[3,3,2,2]
[DP-STATS] crypto pps=[w0:214013 w1:214009 w2:214011 w3:214007 w4:107004 w5:107004] q_lan=[0,0,0,0,0,0] q_wan=[0,4,0,6,0,0] drop=[0,0,0,0,0,0]
[DP-STATS] ts=2026-09-03T07:06:53+0000 interval=4.5s LAN_RX=0.00G WAN_RX=6.93G TX_WAN=0.00G TX_LAN=6.47G bypass=0 local_drop=0 wan_fwd=37136535 wan_drop=0 wan_policy_drop=0 rx_ring_drop(lan=0 wan=0) mid_ring_drop=0 seq_untracked=0
[DP-STATS] ring_depth lan_to_mid=0 wan_to_mid=17 mid_to_wan=0 mid_to_local=4 tx_no_free(lan=0 wan=0) tx_full(lan=0 wan=0) pool_free=655270
[XDP-STATS] kernel_drop_delta lan(sockets=12 errors=0 rx_drop=0 ring_full=0 fill_empty=0 invalid_rx=0) wan(sockets=12 errors=0 rx_drop=0 ring_full=0 fill_empty=0 invalid_rx=0) tx_invalid(lan=0 wan=0) tx_empty(lan=1476744 wan=207276)
[DP-STATS] bond_reorder held=0 released=0 late_dup=0 gap_skip=0 overflow=0 evicted=0 held_high_water=0
[DP-STATS] bond_reorder_proto tcp(h=0 r=0 late=0 gap=0 ovf=0 evict=0) udp(h=0 r=0 late=0 gap=0 ovf=0 evict=0)
[DP-STATS] tx_slot_gbps tx0(L=1.94G W=0.00G) tx1(L=1.94G W=0.00G) tx2(L=1.29G W=0.00G) tx3(L=1.29G W=0.00G)
[DP-STATS] route_connections crypto=[2,2,2,2,1,1] tx=[3,3,2,2]
[DP-STATS] crypto pps=[w0:214006 w1:214009 w2:214010 w3:214008 w4:107002 w5:107007] q_lan=[0,0,0,0,0,0] q_wan=[0,6,0,1,9,0] drop=[0,0,0,0,0,0]
[DP-STATS] ts=2026-09-03T07:06:58+0000 interval=4.6s LAN_RX=0.00G WAN_RX=6.93G TX_WAN=0.00G TX_LAN=6.47G bypass=0 local_drop=0 wan_fwd=39590284 wan_drop=0 wan_policy_drop=0 rx_ring_drop(lan=0 wan=0) mid_ring_drop=0 seq_untracked=0
[DP-STATS] ring_depth lan_to_mid=0 wan_to_mid=50 mid_to_wan=0 mid_to_local=7 tx_no_free(lan=0 wan=0) tx_full(lan=0 wan=0) pool_free=655248
[XDP-STATS] kernel_drop_delta lan(sockets=12 errors=0 rx_drop=0 ring_full=0 fill_empty=0 invalid_rx=0) wan(sockets=12 errors=0 rx_drop=0 ring_full=0 fill_empty=0 invalid_rx=0) tx_invalid(lan=0 wan=0) tx_empty(lan=1492467 wan=214704)
[DP-STATS] bond_reorder held=0 released=0 late_dup=0 gap_skip=0 overflow=0 evicted=0 held_high_water=0
[DP-STATS] bond_reorder_proto tcp(h=0 r=0 late=0 gap=0 ovf=0 evict=0) udp(h=0 r=0 late=0 gap=0 ovf=0 evict=0)
[DP-STATS] tx_slot_gbps tx0(L=1.94G W=0.00G) tx1(L=1.94G W=0.00G) tx2(L=1.29G W=0.00G) tx3(L=1.29G W=0.00G)
[DP-STATS] route_connections crypto=[2,2,2,2,1,1] tx=[3,3,2,2]
[DP-STATS] crypto pps=[w0:214006 w1:214002 w2:214002 w3:214005 w4:107005 w5:107002] q_lan=[0,0,0,0,0,0] q_wan=[0,0,0,0,0,0] drop=[0,0,0,0,0,0]
[DP-STATS] ts=2026-09-03T07:07:02+0000 interval=4.7s LAN_RX=0.00G WAN_RX=6.93G TX_WAN=0.00G TX_LAN=6.47G bypass=0 local_drop=0 wan_fwd=42078764 wan_drop=0 wan_policy_drop=0 rx_ring_drop(lan=0 wan=0) mid_ring_drop=0 seq_untracked=0
[DP-STATS] ring_depth lan_to_mid=0 wan_to_mid=31 mid_to_wan=0 mid_to_local=7 tx_no_free(lan=0 wan=0) tx_full(lan=0 wan=0) pool_free=655270
[XDP-STATS] kernel_drop_delta lan(sockets=12 errors=0 rx_drop=0 ring_full=0 fill_empty=0 invalid_rx=0) wan(sockets=12 errors=0 rx_drop=0 ring_full=0 fill_empty=0 invalid_rx=0) tx_invalid(lan=0 wan=0) tx_empty(lan=1500835 wan=220225)
[DP-STATS] bond_reorder held=0 released=0 late_dup=0 gap_skip=0 overflow=0 evicted=0 held_high_water=0
[DP-STATS] bond_reorder_proto tcp(h=0 r=0 late=0 gap=0 ovf=0 evict=0) udp(h=0 r=0 late=0 gap=0 ovf=0 evict=0)
[DP-STATS] tx_slot_gbps tx0(L=1.94G W=0.00G) tx1(L=1.94G W=0.00G) tx2(L=1.29G W=0.00G) tx3(L=1.29G W=0.00G)
[DP-STATS] route_connections crypto=[2,2,2,2,1,1] tx=[3,3,2,2]
[DP-STATS] crypto pps=[w0:214005 w1:214010 w2:214005 w3:214007 w4:107005 w5:107003] q_lan=[0,0,0,0,0,0] q_wan=[0,2,0,0,0,0] drop=[0,0,0,0,0,0]
[DP-STATS] ts=2026-09-03T07:07:07+0000 interval=4.7s LAN_RX=0.00G WAN_RX=6.93G TX_WAN=0.00G TX_LAN=6.47G bypass=0 local_drop=0 wan_fwd=44610248 wan_drop=0 wan_policy_drop=0 rx_ring_drop(lan=0 wan=0) mid_ring_drop=0 seq_untracked=0
[DP-STATS] ring_depth lan_to_mid=0 wan_to_mid=24 mid_to_wan=0 mid_to_local=1 tx_no_free(lan=0 wan=0) tx_full(lan=0 wan=0) pool_free=655308
[XDP-STATS] kernel_drop_delta lan(sockets=12 errors=0 rx_drop=0 ring_full=0 fill_empty=0 invalid_rx=0) wan(sockets=12 errors=0 rx_drop=0 ring_full=0 fill_empty=0 invalid_rx=0) tx_invalid(lan=0 wan=0) tx_empty(lan=1542547 wan=214104)
[DP-STATS] bond_reorder held=0 released=0 late_dup=0 gap_skip=0 overflow=0 evicted=0 held_high_water=0
[DP-STATS] bond_reorder_proto tcp(h=0 r=0 late=0 gap=0 ovf=0 evict=0) udp(h=0 r=0 late=0 gap=0 ovf=0 evict=0)
[DP-STATS] tx_slot_gbps tx0(L=1.94G W=0.00G) tx1(L=1.94G W=0.00G) tx2(L=1.29G W=0.00G) tx3(L=1.29G W=0.00G)
[DP-STATS] route_connections crypto=[2,2,2,2,1,1] tx=[3,3,2,2]
[DP-STATS] crypto pps=[w0:214001 w1:214007 w2:214008 w3:214007 w4:107000 w5:107004] q_lan=[0,0,0,0,0,0] q_wan=[21,17,4,0,12,4] drop=[0,0,0,0,0,0]
[DP-STATS] ts=2026-09-03T07:07:12+0000 interval=4.7s LAN_RX=0.00G WAN_RX=6.93G TX_WAN=0.00G TX_LAN=6.47G bypass=0 local_drop=0 wan_fwd=47151195 wan_drop=0 wan_policy_drop=0 rx_ring_drop(lan=0 wan=0) mid_ring_drop=0 seq_untracked=0
[DP-STATS] ring_depth lan_to_mid=0 wan_to_mid=79 mid_to_wan=0 mid_to_local=22 tx_no_free(lan=0 wan=0) tx_full(lan=0 wan=0) pool_free=655208
[XDP-STATS] kernel_drop_delta lan(sockets=12 errors=0 rx_drop=0 ring_full=0 fill_empty=0 invalid_rx=0) wan(sockets=12 errors=0 rx_drop=0 ring_full=0 fill_empty=0 invalid_rx=0) tx_invalid(lan=0 wan=0) tx_empty(lan=1537395 wan=203364)
[DP-STATS] bond_reorder held=0 released=0 late_dup=0 gap_skip=0 overflow=0 evicted=0 held_high_water=0
[DP-STATS] bond_reorder_proto tcp(h=0 r=0 late=0 gap=0 ovf=0 evict=0) udp(h=0 r=0 late=0 gap=0 ovf=0 evict=0)
[DP-STATS] tx_slot_gbps tx0(L=1.94G W=0.00G) tx1(L=1.94G W=0.00G) tx2(L=1.29G W=0.00G) tx3(L=1.29G W=0.00G)
[DP-STATS] route_connections crypto=[2,2,2,2,1,1] tx=[3,3,2,2]
[DP-STATS] crypto pps=[w0:214009 w1:214010 w2:214009 w3:214006 w4:107006 w5:107005] q_lan=[0,0,0,0,0,0] q_wan=[2,0,0,11,0,0] drop=[0,0,0,0,0,0]
[DP-STATS] ts=2026-09-03T07:07:17+0000 interval=4.8s LAN_RX=0.00G WAN_RX=6.93G TX_WAN=0.00G TX_LAN=6.47G bypass=0 local_drop=0 wan_fwd=49699056 wan_drop=0 wan_policy_drop=0 rx_ring_drop(lan=0 wan=0) mid_ring_drop=0 seq_untracked=0
[DP-STATS] ring_depth lan_to_mid=0 wan_to_mid=30 mid_to_wan=0 mid_to_local=10 tx_no_free(lan=0 wan=0) tx_full(lan=0 wan=0) pool_free=655250
[XDP-STATS] kernel_drop_delta lan(sockets=12 errors=0 rx_drop=0 ring_full=0 fill_empty=0 invalid_rx=0) wan(sockets=12 errors=0 rx_drop=0 ring_full=0 fill_empty=0 invalid_rx=0) tx_invalid(lan=0 wan=0) tx_empty(lan=1547645 wan=201804)
[DP-STATS] bond_reorder held=0 released=0 late_dup=0 gap_skip=0 overflow=0 evicted=0 held_high_water=0
[DP-STATS] bond_reorder_proto tcp(h=0 r=0 late=0 gap=0 ovf=0 evict=0) udp(h=0 r=0 late=0 gap=0 ovf=0 evict=0)
[DP-STATS] tx_slot_gbps tx0(L=1.94G W=0.00G) tx1(L=1.94G W=0.00G) tx2(L=1.29G W=0.00G) tx3(L=1.29G W=0.00G)
[DP-STATS] route_connections crypto=[2,2,2,2,1,1] tx=[3,3,2,2]
[DP-STATS] crypto pps=[w0:214009 w1:214008 w2:214007 w3:214004 w4:107005 w5:107001] q_lan=[0,0,0,0,0,0] q_wan=[10,13,0,16,0,0] drop=[0,0,0,0,0,0]
[DP-STATS] ts=2026-09-03T07:07:21+0000 interval=4.8s LAN_RX=0.00G WAN_RX=6.93G TX_WAN=0.00G TX_LAN=6.47G bypass=0 local_drop=0 wan_fwd=52244384 wan_drop=0 wan_policy_drop=0 rx_ring_drop(lan=0 wan=0) mid_ring_drop=0 seq_untracked=0
[DP-STATS] ring_depth lan_to_mid=0 wan_to_mid=17 mid_to_wan=0 mid_to_local=8 tx_no_free(lan=0 wan=0) tx_full(lan=0 wan=0) pool_free=655295
[XDP-STATS] kernel_drop_delta lan(sockets=12 errors=0 rx_drop=0 ring_full=0 fill_empty=0 invalid_rx=0) wan(sockets=12 errors=0 rx_drop=0 ring_full=0 fill_empty=0 invalid_rx=0) tx_invalid(lan=0 wan=0) tx_empty(lan=1540319 wan=206676)
[DP-STATS] bond_reorder held=0 released=0 late_dup=0 gap_skip=0 overflow=0 evicted=0 held_high_water=0
[DP-STATS] bond_reorder_proto tcp(h=0 r=0 late=0 gap=0 ovf=0 evict=0) udp(h=0 r=0 late=0 gap=0 ovf=0 evict=0)
[DP-STATS] tx_slot_gbps tx0(L=1.94G W=0.00G) tx1(L=1.94G W=0.00G) tx2(L=1.29G W=0.00G) tx3(L=1.29G W=0.00G)
[DP-STATS] route_connections crypto=[2,2,2,2,1,1] tx=[3,3,2,2]
[DP-STATS] crypto pps=[w0:214006 w1:214000 w2:214002 w3:214005 w4:107001 w5:107001] q_lan=[0,0,0,0,0,0] q_wan=[0,0,0,0,0,0] drop=[0,0,0,0,0,0]
[DP-STATS] ts=2026-09-03T07:07:45+0000 interval=23.9s LAN_RX=0.00G WAN_RX=0.68G TX_WAN=0.00G TX_LAN=0.64G bypass=0 local_drop=0 wan_fwd=53498646 wan_drop=0 wan_policy_drop=0 rx_ring_drop(lan=0 wan=0) mid_ring_drop=0 seq_untracked=0
[DP-STATS] ring_depth lan_to_mid=0 wan_to_mid=0 mid_to_wan=0 mid_to_local=0 tx_no_free(lan=0 wan=0) tx_full(lan=0 wan=0) pool_free=655360
[XDP-STATS] kernel_drop_delta lan(sockets=12 errors=0 rx_drop=0 ring_full=0 fill_empty=0 invalid_rx=0) wan(sockets=12 errors=0 rx_drop=0 ring_full=0 fill_empty=0 invalid_rx=0) tx_invalid(lan=0 wan=0) tx_empty(lan=1256953 wan=590951)
[DP-STATS] bond_reorder held=0 released=0 late_dup=0 gap_skip=0 overflow=0 evicted=0 held_high_water=0
[DP-STATS] bond_reorder_proto tcp(h=0 r=0 late=0 gap=0 ovf=0 evict=0) udp(h=0 r=0 late=0 gap=0 ovf=0 evict=0)
[DP-STATS] tx_slot_gbps tx0(L=0.19G W=0.00G) tx1(L=0.19G W=0.00G) tx2(L=0.13G W=0.00G) tx3(L=0.13G W=0.00G)
[DP-STATS] route_connections crypto=[2,2,2,2,1,1] tx=[3,3,2,2]
[DP-STATS] crypto pps=[w0:21027 w1:21028 w2:21027 w3:21027 w4:10513 w5:10514] q_lan=[0,0,0,0,0,0] q_wan=[0,0,0,0,0,0] drop=[0,0,0,0,0,0]



Log sau khi chay gop kenh 2 lan 2 wan

[ne-key] processing: match
+----------+----------+----------+----------+
| profile  | policy   | ne       | pqc_hs   |
+----------+----------+----------+----------+
| 75       | 2        | 50FD22F0 | 50FD22F0 |
+----------+----------+----------+----------+
[STOP] 1788419743.506 xdp detach done enp2s0f1
[PROFILE-XDP] cold attach: 2 LAN, 2 WAN(dp)
[STOP] 1788419744.619 xdp detach begin enp1s0f0
[STOP] 1788419744.620 xdp detach done enp1s0f0
[PROFILE-XDP] attach OK LAN enp1s0f0 (drv)
[STOP] 1788419744.803 xdp detach begin enp1s0f1
[STOP] 1788419744.804 xdp detach done enp1s0f1
[PROFILE-XDP] attach OK LAN enp1s0f1 (drv)
[STOP] 1788419744.987 xdp detach begin enp2s0f0
[STOP] 1788419744.988 xdp detach done enp2s0f0
[PROFILE-XDP] attach OK WAN enp2s0f0 (drv)
[STOP] 1788419745.175 xdp detach begin enp2s0f1
[STOP] 1788419745.176 xdp detach done enp2s0f1
[PROFILE-XDP] attach OK WAN enp2s0f1 (drv)

  [system] processing: restore loaded=2
+------+--------------+----------+-------------------+--------+
| role | interface    | bridge   | mac               | state  |
+------+--------------+----------+-------------------+--------+
| lan  | enp1s0f0     | Br0      | 3c:ec:ef:c2:20:12 | -      |
| lan  | enp1s0f1     | Br1      | 20:7c:14:f8:0d:0d | -      |
| wan  | enp2s0f0     | Br0      | -                 | -      |
| wan  | enp2s0f1     | Br1      | -                 | -      |
+------+--------------+----------+-------------------+--------+
[MAC-FDB] saved 2 (ram=2 orphan_kept=0) -> /var/log/NE/mac_lan.log
[MAC-FDB] restored 2 (skipped ifname=0 other=0) from /var/log/NE/mac_lan.log

  [system] processing: init
+------+--------------+----------+-------------------+--------+
| role | interface    | bridge   | mac               | state  |
+------+--------------+----------+-------------------+--------+
| lan  | enp1s0f0     | Br0      | 3c:ec:ef:c2:20:12 | -      |
| lan  | enp1s0f1     | Br1      | 20:7c:14:f8:0d:0d | -      |
| wan  | enp2s0f0     | Br0      | -                 | UP     |
| wan  | enp2s0f1     | Br1      | -                 | UP     |
+------+--------------+----------+-------------------+--------+
[CFM-INIT] CFM started on 2 WAN(s)
[DP-CONF] active TX slots=4 (configured=4, limited by XSK queues)
[DP-CONF] RX_LAN (1): 0
[DP-CONF] TX (4): 1 2 9 10
[DP-CONF] CRYPTO (6): 3 4 5 6 7 8
[DP-CONF] RX_WAN (1): 11
+-- DATAPLANE ready --+
| mode: single-profile (1 UMEM/process; multi-profile UMEM later) |

  [system] processing: dataplane-ready
+------+--------------+----------+-------------------+--------+
| role | interface    | bridge   | mac               | state  |
+------+--------------+----------+-------------------+--------+
| lan  | enp1s0f0     | Br0      | 3c:ec:ef:c2:20:12 | -      |
| lan  | enp1s0f1     | Br1      | 20:7c:14:f8:0d:0d | -      |
| wan  | enp2s0f0     | Br0      | -                 | UP     |
| wan  | enp2s0f1     | Br1      | -                 | UP     |
+------+--------------+----------+-------------------+--------+


  [system] processing: wait-peer
+------+--------------+----------+-------------------+--------+
| role | interface    | bridge   | mac               | state  |
+------+--------------+----------+-------------------+--------+
| lan  | enp1s0f0     | Br0      | 3c:ec:ef:c2:20:12 | -      |
| lan  | enp1s0f1     | Br1      | 20:7c:14:f8:0d:0d | -      |
| wan  | enp2s0f0     | Br0      | -                 | UP     |
| wan  | enp2s0f1     | Br1      | -                 | UP     |
+------+--------------+----------+-------------------+--------+

  [system] processing: learn-peer if=enp2s0f0 mac=6c:fe:54:00:1e:90
+------+--------------+----------+-------------------+--------+
| role | interface    | bridge   | mac               | state  |
+------+--------------+----------+-------------------+--------+
| lan  | enp1s0f0     | Br0      | 3c:ec:ef:c2:20:12 | -      |
| lan  | enp1s0f1     | Br1      | 20:7c:14:f8:0d:0d | -      |
| wan  | enp2s0f0     | Br0      | 6c:fe:54:00:1e:90 | UP     |
| wan  | enp2s0f1     | Br1      | -                 | UP     |
+------+--------------+----------+-------------------+--------+

  [system] processing: learn-peer if=enp2s0f1 mac=6c:fe:54:00:1e:91
+------+--------------+----------+-------------------+--------+
| role | interface    | bridge   | mac               | state  |
+------+--------------+----------+-------------------+--------+
| lan  | enp1s0f0     | Br0      | 3c:ec:ef:c2:20:12 | -      |
| lan  | enp1s0f1     | Br1      | 20:7c:14:f8:0d:0d | -      |
| wan  | enp2s0f0     | Br0      | 6c:fe:54:00:1e:90 | UP     |
| wan  | enp2s0f1     | Br1      | 6c:fe:54:00:1e:91 | UP     |
+------+--------------+----------+-------------------+--------+
[DP-STATS] ts=2026-09-03T07:16:07+0000 interval=24.6s LAN_RX=0.00G WAN_RX=0.45G TX_WAN=0.00G TX_LAN=0.42G bypass=0 local_drop=0 wan_fwd=858504 wan_drop=0 wan_policy_drop=0 rx_ring_drop(lan=0 wan=0) mid_ring_drop=0 seq_untracked=0
[DP-STATS] ring_depth lan_to_mid=0 wan_to_mid=2 mid_to_wan=0 mid_to_local=11 tx_no_free(lan=0 wan=0) tx_full(lan=0 wan=0) pool_free=262045
[XDP-STATS] kernel_drop_delta lan(sockets=24 errors=0 rx_drop=0 ring_full=0 fill_empty=0 invalid_rx=0) wan(sockets=24 errors=0 rx_drop=0 ring_full=0 fill_empty=0 invalid_rx=0) tx_invalid(lan=0 wan=0) tx_empty(lan=1366182 wan=1009226)
[DP-STATS] bond_reorder held=0 released=0 late_dup=0 gap_skip=0 overflow=0 evicted=0 held_high_water=0
[DP-STATS] bond_reorder_proto tcp(h=0 r=0 late=0 gap=0 ovf=0 evict=0) udp(h=0 r=0 late=0 gap=0 ovf=0 evict=0)
[DP-STATS] tx_slot_gbps tx0(L=0.13G W=0.00G) tx1(L=0.13G W=0.00G) tx2(L=0.08G W=0.00G) tx3(L=0.08G W=0.00G)
[DP-STATS] route_connections crypto=[2,2,2,2,1,1] tx=[3,3,2,2]
[DP-STATS] crypto pps=[w0:13987 w1:13987 w2:13985 w3:13987 w4:6994 w5:6993] q_lan=[0,0,0,0,0,0] q_wan=[4,29,20,0,0,0] drop=[0,0,0,0,0,0]
[DP-STATS] ts=2026-09-03T07:16:12+0000 interval=4.8s LAN_RX=0.00G WAN_RX=6.93G TX_WAN=0.00G TX_LAN=6.47G bypass=0 local_drop=0 wan_fwd=3439983 wan_drop=0 wan_policy_drop=0 rx_ring_drop(lan=0 wan=0) mid_ring_drop=0 seq_untracked=0
[DP-STATS] ring_depth lan_to_mid=0 wan_to_mid=34 mid_to_wan=0 mid_to_local=2 tx_no_free(lan=0 wan=0) tx_full(lan=0 wan=0) pool_free=262059
[XDP-STATS] kernel_drop_delta lan(sockets=24 errors=0 rx_drop=0 ring_full=0 fill_empty=0 invalid_rx=0) wan(sockets=24 errors=0 rx_drop=0 ring_full=0 fill_empty=0 invalid_rx=0) tx_invalid(lan=0 wan=0) tx_empty(lan=1280785 wan=187010)
[DP-STATS] bond_reorder held=0 released=0 late_dup=0 gap_skip=0 overflow=0 evicted=0 held_high_water=0
[DP-STATS] bond_reorder_proto tcp(h=0 r=0 late=0 gap=0 ovf=0 evict=0) udp(h=0 r=0 late=0 gap=0 ovf=0 evict=0)
[DP-STATS] tx_slot_gbps tx0(L=1.94G W=0.00G) tx1(L=1.94G W=0.00G) tx2(L=1.29G W=0.00G) tx3(L=1.29G W=0.00G)
[DP-STATS] route_connections crypto=[2,2,2,2,1,1] tx=[3,3,2,2]
[DP-STATS] crypto pps=[w0:214003 w1:214006 w2:214011 w3:214002 w4:107005 w5:107003] q_lan=[0,0,0,0,0,0] q_wan=[30,19,0,16,2,0] drop=[0,0,0,0,0,0]
[DP-STATS] ts=2026-09-03T07:16:17+0000 interval=4.9s LAN_RX=0.00G WAN_RX=6.93G TX_WAN=0.00G TX_LAN=6.47G bypass=0 local_drop=0 wan_fwd=6045971 wan_drop=0 wan_policy_drop=0 rx_ring_drop(lan=0 wan=0) mid_ring_drop=0 seq_untracked=0
[DP-STATS] ring_depth lan_to_mid=0 wan_to_mid=71 mid_to_wan=0 mid_to_local=7 tx_no_free(lan=0 wan=0) tx_full(lan=0 wan=0) pool_free=261985
[XDP-STATS] kernel_drop_delta lan(sockets=24 errors=0 rx_drop=0 ring_full=0 fill_empty=0 invalid_rx=0) wan(sockets=24 errors=0 rx_drop=0 ring_full=0 fill_empty=0 invalid_rx=0) tx_invalid(lan=0 wan=0) tx_empty(lan=1281599 wan=165672)
[DP-STATS] bond_reorder held=0 released=0 late_dup=0 gap_skip=0 overflow=0 evicted=0 held_high_water=0
[DP-STATS] bond_reorder_proto tcp(h=0 r=0 late=0 gap=0 ovf=0 evict=0) udp(h=0 r=0 late=0 gap=0 ovf=0 evict=0)
[DP-STATS] tx_slot_gbps tx0(L=1.94G W=0.00G) tx1(L=1.94G W=0.00G) tx2(L=1.29G W=0.00G) tx3(L=1.29G W=0.00G)
[DP-STATS] route_connections crypto=[2,2,2,2,1,1] tx=[3,3,2,2]
[DP-STATS] crypto pps=[w0:214009 w1:214011 w2:214012 w3:214010 w4:107003 w5:107005] q_lan=[0,0,0,0,0,0] q_wan=[0,0,0,0,0,0] drop=[0,0,0,0,0,0]
[DP-STATS] ts=2026-09-03T07:16:22+0000 interval=4.8s LAN_RX=0.00G WAN_RX=6.93G TX_WAN=0.00G TX_LAN=6.47G bypass=0 local_drop=0 wan_fwd=8633425 wan_drop=0 wan_policy_drop=0 rx_ring_drop(lan=0 wan=0) mid_ring_drop=0 seq_untracked=0
[DP-STATS] ring_depth lan_to_mid=0 wan_to_mid=72 mid_to_wan=0 mid_to_local=5 tx_no_free(lan=0 wan=0) tx_full(lan=0 wan=0) pool_free=261989
[XDP-STATS] kernel_drop_delta lan(sockets=24 errors=0 rx_drop=0 ring_full=0 fill_empty=0 invalid_rx=0) wan(sockets=24 errors=0 rx_drop=0 ring_full=0 fill_empty=0 invalid_rx=0) tx_invalid(lan=0 wan=0) tx_empty(lan=1279898 wan=175464)
[DP-STATS] bond_reorder held=0 released=0 late_dup=0 gap_skip=0 overflow=0 evicted=0 held_high_water=0
[DP-STATS] bond_reorder_proto tcp(h=0 r=0 late=0 gap=0 ovf=0 evict=0) udp(h=0 r=0 late=0 gap=0 ovf=0 evict=0)
[DP-STATS] tx_slot_gbps tx0(L=1.94G W=0.00G) tx1(L=1.94G W=0.00G) tx2(L=1.29G W=0.00G) tx3(L=1.29G W=0.00G)
[DP-STATS] route_connections crypto=[2,2,2,2,1,1] tx=[3,3,2,2]
[DP-STATS] crypto pps=[w0:214003 w1:214002 w2:214003 w3:214008 w4:107002 w5:106998] q_lan=[0,0,0,0,0,0] q_wan=[12,0,18,11,0,0] drop=[0,0,0,0,0,0]
[DP-STATS] ts=2026-09-03T07:16:27+0000 interval=4.8s LAN_RX=0.00G WAN_RX=6.93G TX_WAN=0.00G TX_LAN=6.47G bypass=0 local_drop=0 wan_fwd=11224558 wan_drop=0 wan_policy_drop=0 rx_ring_drop(lan=0 wan=0) mid_ring_drop=0 seq_untracked=0
[DP-STATS] ring_depth lan_to_mid=0 wan_to_mid=26 mid_to_wan=0 mid_to_local=1 tx_no_free(lan=0 wan=0) tx_full(lan=0 wan=0) pool_free=262038
[XDP-STATS] kernel_drop_delta lan(sockets=24 errors=0 rx_drop=0 ring_full=0 fill_empty=0 invalid_rx=0) wan(sockets=24 errors=0 rx_drop=0 ring_full=0 fill_empty=0 invalid_rx=0) tx_invalid(lan=0 wan=0) tx_empty(lan=1277511 wan=154824)
[DP-STATS] bond_reorder held=0 released=0 late_dup=0 gap_skip=0 overflow=0 evicted=0 held_high_water=0
[DP-STATS] bond_reorder_proto tcp(h=0 r=0 late=0 gap=0 ovf=0 evict=0) udp(h=0 r=0 late=0 gap=0 ovf=0 evict=0)
[DP-STATS] tx_slot_gbps tx0(L=1.94G W=0.00G) tx1(L=1.94G W=0.00G) tx2(L=1.29G W=0.00G) tx3(L=1.29G W=0.00G)
[DP-STATS] route_connections crypto=[2,2,2,2,1,1] tx=[3,3,2,2]
[DP-STATS] crypto pps=[w0:214005 w1:214007 w2:214009 w3:214001 w4:107003 w5:107005] q_lan=[0,0,0,0,0,0] q_wan=[0,0,0,0,0,0] drop=[0,0,0,0,0,0]
[DP-STATS] ts=2026-09-03T07:16:32+0000 interval=4.8s LAN_RX=0.00G WAN_RX=6.93G TX_WAN=0.00G TX_LAN=6.47G bypass=0 local_drop=0 wan_fwd=13815616 wan_drop=0 wan_policy_drop=0 rx_ring_drop(lan=0 wan=0) mid_ring_drop=0 seq_untracked=0
[DP-STATS] ring_depth lan_to_mid=0 wan_to_mid=14 mid_to_wan=0 mid_to_local=13 tx_no_free(lan=0 wan=0) tx_full(lan=0 wan=0) pool_free=262095
[XDP-STATS] kernel_drop_delta lan(sockets=24 errors=0 rx_drop=0 ring_full=0 fill_empty=0 invalid_rx=0) wan(sockets=24 errors=0 rx_drop=0 ring_full=0 fill_empty=0 invalid_rx=0) tx_invalid(lan=0 wan=0) tx_empty(lan=1277118 wan=177696)
[DP-STATS] bond_reorder held=0 released=0 late_dup=0 gap_skip=0 overflow=0 evicted=0 held_high_water=0
[DP-STATS] bond_reorder_proto tcp(h=0 r=0 late=0 gap=0 ovf=0 evict=0) udp(h=0 r=0 late=0 gap=0 ovf=0 evict=0)
[DP-STATS] tx_slot_gbps tx0(L=1.94G W=0.00G) tx1(L=1.94G W=0.00G) tx2(L=1.29G W=0.00G) tx3(L=1.29G W=0.00G)
[DP-STATS] route_connections crypto=[2,2,2,2,1,1] tx=[3,3,2,2]
[DP-STATS] crypto pps=[w0:214010 w1:214009 w2:214006 w3:214011 w4:107008 w5:107006] q_lan=[0,0,0,0,0,0] q_wan=[0,0,0,8,0,0] drop=[0,0,0,0,0,0]
[DP-STATS] ts=2026-09-03T07:16:36+0000 interval=4.8s LAN_RX=0.00G WAN_RX=6.93G TX_WAN=0.00G TX_LAN=6.47G bypass=0 local_drop=0 wan_fwd=16409530 wan_drop=0 wan_policy_drop=0 rx_ring_drop(lan=0 wan=0) mid_ring_drop=0 seq_untracked=0
[DP-STATS] ring_depth lan_to_mid=0 wan_to_mid=14 mid_to_wan=0 mid_to_local=14 tx_no_free(lan=0 wan=0) tx_full(lan=0 wan=0) pool_free=262046
[XDP-STATS] kernel_drop_delta lan(sockets=24 errors=0 rx_drop=0 ring_full=0 fill_empty=0 invalid_rx=0) wan(sockets=24 errors=0 rx_drop=0 ring_full=0 fill_empty=0 invalid_rx=0) tx_invalid(lan=0 wan=0) tx_empty(lan=1273266 wan=162912)
[DP-STATS] bond_reorder held=0 released=0 late_dup=0 gap_skip=0 overflow=0 evicted=0 held_high_water=0
[DP-STATS] bond_reorder_proto tcp(h=0 r=0 late=0 gap=0 ovf=0 evict=0) udp(h=0 r=0 late=0 gap=0 ovf=0 evict=0)
[DP-STATS] tx_slot_gbps tx0(L=1.94G W=0.00G) tx1(L=1.94G W=0.00G) tx2(L=1.29G W=0.00G) tx3(L=1.29G W=0.00G)
[DP-STATS] route_connections crypto=[2,2,2,2,1,1] tx=[3,3,2,2]
[DP-STATS] crypto pps=[w0:214006 w1:214008 w2:214006 w3:214010 w4:107004 w5:107002] q_lan=[0,0,0,0,0,0] q_wan=[16,7,2,6,0,11] drop=[0,0,0,0,0,0]
[DP-STATS] ts=2026-09-03T07:16:41+0000 interval=4.9s LAN_RX=0.00G WAN_RX=6.93G TX_WAN=0.00G TX_LAN=6.47G bypass=0 local_drop=0 wan_fwd=19012945 wan_drop=0 wan_policy_drop=0 rx_ring_drop(lan=0 wan=0) mid_ring_drop=0 seq_untracked=0
[DP-STATS] ring_depth lan_to_mid=0 wan_to_mid=0 mid_to_wan=0 mid_to_local=7 tx_no_free(lan=0 wan=0) tx_full(lan=0 wan=0) pool_free=262079
[XDP-STATS] kernel_drop_delta lan(sockets=24 errors=0 rx_drop=0 ring_full=0 fill_empty=0 invalid_rx=0) wan(sockets=24 errors=0 rx_drop=0 ring_full=0 fill_empty=0 invalid_rx=0) tx_invalid(lan=0 wan=0) tx_empty(lan=1282185 wan=170760)
[DP-STATS] bond_reorder held=0 released=0 late_dup=0 gap_skip=0 overflow=0 evicted=0 held_high_water=0
[DP-STATS] bond_reorder_proto tcp(h=0 r=0 late=0 gap=0 ovf=0 evict=0) udp(h=0 r=0 late=0 gap=0 ovf=0 evict=0)
[DP-STATS] tx_slot_gbps tx0(L=1.94G W=0.00G) tx1(L=1.94G W=0.00G) tx2(L=1.29G W=0.00G) tx3(L=1.29G W=0.00G)
[DP-STATS] route_connections crypto=[2,2,2,2,1,1] tx=[3,3,2,2]
[DP-STATS] crypto pps=[w0:214007 w1:214007 w2:214007 w3:214002 w4:107003 w5:107004] q_lan=[0,0,0,0,0,0] q_wan=[0,0,0,0,0,0] drop=[0,0,0,0,0,0]
[DP-STATS] ts=2026-09-03T07:16:46+0000 interval=4.8s LAN_RX=0.00G WAN_RX=6.93G TX_WAN=0.00G TX_LAN=6.47G bypass=0 local_drop=0 wan_fwd=21604649 wan_drop=0 wan_policy_drop=0 rx_ring_drop(lan=0 wan=0) mid_ring_drop=0 seq_untracked=0
[DP-STATS] ring_depth lan_to_mid=0 wan_to_mid=28 mid_to_wan=0 mid_to_local=13 tx_no_free(lan=0 wan=0) tx_full(lan=0 wan=0) pool_free=262039
[XDP-STATS] kernel_drop_delta lan(sockets=24 errors=0 rx_drop=0 ring_full=0 fill_empty=0 invalid_rx=0) wan(sockets=24 errors=0 rx_drop=0 ring_full=0 fill_empty=0 invalid_rx=0) tx_invalid(lan=0 wan=0) tx_empty(lan=1276894 wan=163920)
[DP-STATS] bond_reorder held=0 released=0 late_dup=0 gap_skip=0 overflow=0 evicted=0 held_high_water=0
[DP-STATS] bond_reorder_proto tcp(h=0 r=0 late=0 gap=0 ovf=0 evict=0) udp(h=0 r=0 late=0 gap=0 ovf=0 evict=0)
[DP-STATS] tx_slot_gbps tx0(L=1.94G W=0.00G) tx1(L=1.94G W=0.00G) tx2(L=1.29G W=0.00G) tx3(L=1.29G W=0.00G)
[DP-STATS] route_connections crypto=[2,2,2,2,1,1] tx=[3,3,2,2]
[DP-STATS] crypto pps=[w0:214006 w1:214004 w2:214007 w3:214011 w4:107001 w5:107001] q_lan=[0,0,0,0,0,0] q_wan=[0,0,0,0,2,0] drop=[0,0,0,0,0,0]
[DP-STATS] ts=2026-09-03T07:16:51+0000 interval=5.0s LAN_RX=0.00G WAN_RX=6.93G TX_WAN=0.00G TX_LAN=6.47G bypass=0 local_drop=0 wan_fwd=24255605 wan_drop=0 wan_policy_drop=0 rx_ring_drop(lan=0 wan=0) mid_ring_drop=0 seq_untracked=0
[DP-STATS] ring_depth lan_to_mid=0 wan_to_mid=0 mid_to_wan=0 mid_to_local=8 tx_no_free(lan=0 wan=0) tx_full(lan=0 wan=0) pool_free=262079
[XDP-STATS] kernel_drop_delta lan(sockets=24 errors=0 rx_drop=0 ring_full=0 fill_empty=0 invalid_rx=0) wan(sockets=24 errors=0 rx_drop=0 ring_full=0 fill_empty=0 invalid_rx=0) tx_invalid(lan=0 wan=0) tx_empty(lan=1302314 wan=176713)
[DP-STATS] bond_reorder held=0 released=0 late_dup=0 gap_skip=0 overflow=0 evicted=0 held_high_water=0
[DP-STATS] bond_reorder_proto tcp(h=0 r=0 late=0 gap=0 ovf=0 evict=0) udp(h=0 r=0 late=0 gap=0 ovf=0 evict=0)
[DP-STATS] tx_slot_gbps tx0(L=1.94G W=0.00G) tx1(L=1.94G W=0.00G) tx2(L=1.29G W=0.00G) tx3(L=1.29G W=0.00G)
[DP-STATS] route_connections crypto=[2,2,2,2,1,1] tx=[3,3,2,2]
[DP-STATS] crypto pps=[w0:214008 w1:214010 w2:214008 w3:214006 w4:107006 w5:107005] q_lan=[0,0,0,0,0,0] q_wan=[29,23,3,14,0,5] drop=[0,0,0,0,0,0]
[DP-STATS] ts=2026-09-03T07:16:56+0000 interval=5.0s LAN_RX=0.00G WAN_RX=6.93G TX_WAN=0.00G TX_LAN=6.47G bypass=0 local_drop=0 wan_fwd=26904075 wan_drop=0 wan_policy_drop=0 rx_ring_drop(lan=0 wan=0) mid_ring_drop=0 seq_untracked=0
[DP-STATS] ring_depth lan_to_mid=0 wan_to_mid=12 mid_to_wan=0 mid_to_local=7 tx_no_free(lan=0 wan=0) tx_full(lan=0 wan=0) pool_free=262082
[XDP-STATS] kernel_drop_delta lan(sockets=24 errors=0 rx_drop=0 ring_full=0 fill_empty=0 invalid_rx=0) wan(sockets=24 errors=0 rx_drop=0 ring_full=0 fill_empty=0 invalid_rx=0) tx_invalid(lan=0 wan=0) tx_empty(lan=1313007 wan=176390)
[DP-STATS] bond_reorder held=0 released=0 late_dup=0 gap_skip=0 overflow=0 evicted=0 held_high_water=0
[DP-STATS] bond_reorder_proto tcp(h=0 r=0 late=0 gap=0 ovf=0 evict=0) udp(h=0 r=0 late=0 gap=0 ovf=0 evict=0)
[DP-STATS] tx_slot_gbps tx0(L=1.94G W=0.00G) tx1(L=1.94G W=0.00G) tx2(L=1.29G W=0.00G) tx3(L=1.29G W=0.00G)
[DP-STATS] route_connections crypto=[2,2,2,2,1,1] tx=[3,3,2,2]
[DP-STATS] crypto pps=[w0:214007 w1:214007 w2:214010 w3:214005 w4:107002 w5:107004] q_lan=[0,0,0,0,0,0] q_wan=[30,2,1,17,0,5] drop=[0,0,0,0,0,0]
[DP-STATS] ts=2026-09-03T07:17:01+0000 interval=5.0s LAN_RX=0.00G WAN_RX=6.93G TX_WAN=0.00G TX_LAN=6.47G bypass=0 local_drop=0 wan_fwd=29590665 wan_drop=0 wan_policy_drop=0 rx_ring_drop(lan=0 wan=0) mid_ring_drop=0 seq_untracked=0
[DP-STATS] ring_depth lan_to_mid=0 wan_to_mid=90 mid_to_wan=0 mid_to_local=4 tx_no_free(lan=0 wan=0) tx_full(lan=0 wan=0) pool_free=262000
[XDP-STATS] kernel_drop_delta lan(sockets=24 errors=0 rx_drop=0 ring_full=0 fill_empty=0 invalid_rx=0) wan(sockets=24 errors=0 rx_drop=0 ring_full=0 fill_empty=0 invalid_rx=0) tx_invalid(lan=0 wan=0) tx_empty(lan=1329223 wan=166282)
[DP-STATS] bond_reorder held=0 released=0 late_dup=0 gap_skip=0 overflow=0 evicted=0 held_high_water=0
[DP-STATS] bond_reorder_proto tcp(h=0 r=0 late=0 gap=0 ovf=0 evict=0) udp(h=0 r=0 late=0 gap=0 ovf=0 evict=0)
[DP-STATS] tx_slot_gbps tx0(L=1.94G W=0.00G) tx1(L=1.94G W=0.00G) tx2(L=1.29G W=0.00G) tx3(L=1.29G W=0.00G)
[DP-STATS] route_connections crypto=[2,2,2,2,1,1] tx=[3,3,2,2]
[DP-STATS] crypto pps=[w0:214005 w1:214005 w2:214007 w3:214010 w4:107005 w5:107000] q_lan=[0,0,0,0,0,0] q_wan=[0,0,0,0,0,0] drop=[0,0,0,0,0,0]
[DP-STATS] ts=2026-09-03T07:17:06+0000 interval=5.0s LAN_RX=0.00G WAN_RX=6.93G TX_WAN=0.00G TX_LAN=6.47G bypass=0 local_drop=0 wan_fwd=32285254 wan_drop=0 wan_policy_drop=0 rx_ring_drop(lan=0 wan=0) mid_ring_drop=0 seq_untracked=0
[DP-STATS] ring_depth lan_to_mid=0 wan_to_mid=9 mid_to_wan=0 mid_to_local=4 tx_no_free(lan=0 wan=0) tx_full(lan=0 wan=0) pool_free=262023
[XDP-STATS] kernel_drop_delta lan(sockets=24 errors=0 rx_drop=0 ring_full=0 fill_empty=0 invalid_rx=0) wan(sockets=24 errors=0 rx_drop=0 ring_full=0 fill_empty=0 invalid_rx=0) tx_invalid(lan=0 wan=0) tx_empty(lan=1332817 wan=163800)
[DP-STATS] bond_reorder held=0 released=0 late_dup=0 gap_skip=0 overflow=0 evicted=0 held_high_water=0
[DP-STATS] bond_reorder_proto tcp(h=0 r=0 late=0 gap=0 ovf=0 evict=0) udp(h=0 r=0 late=0 gap=0 ovf=0 evict=0)
[DP-STATS] tx_slot_gbps tx0(L=1.94G W=0.00G) tx1(L=1.94G W=0.00G) tx2(L=1.29G W=0.00G) tx3(L=1.29G W=0.00G)
[DP-STATS] route_connections crypto=[2,2,2,2,1,1] tx=[3,3,2,2]
[DP-STATS] crypto pps=[w0:214006 w1:214005 w2:214005 w3:214005 w4:107005 w5:107007] q_lan=[0,0,0,0,0,0] q_wan=[22,0,0,0,0,0] drop=[0,0,0,0,0,0]
[DP-STATS] ts=2026-09-03T07:17:11+0000 interval=5.1s LAN_RX=0.00G WAN_RX=6.93G TX_WAN=0.00G TX_LAN=6.47G bypass=0 local_drop=0 wan_fwd=34991385 wan_drop=0 wan_policy_drop=0 rx_ring_drop(lan=0 wan=0) mid_ring_drop=0 seq_untracked=0
[DP-STATS] ring_depth lan_to_mid=0 wan_to_mid=0 mid_to_wan=0 mid_to_local=0 tx_no_free(lan=0 wan=0) tx_full(lan=0 wan=0) pool_free=262076
[XDP-STATS] kernel_drop_delta lan(sockets=24 errors=0 rx_drop=0 ring_full=0 fill_empty=0 invalid_rx=0) wan(sockets=24 errors=0 rx_drop=0 ring_full=0 fill_empty=0 invalid_rx=0) tx_invalid(lan=0 wan=0) tx_empty(lan=1332943 wan=176424)
[DP-STATS] bond_reorder held=0 released=0 late_dup=0 gap_skip=0 overflow=0 evicted=0 held_high_water=0
[DP-STATS] bond_reorder_proto tcp(h=0 r=0 late=0 gap=0 ovf=0 evict=0) udp(h=0 r=0 late=0 gap=0 ovf=0 evict=0)
[DP-STATS] tx_slot_gbps tx0(L=1.94G W=0.00G) tx1(L=1.94G W=0.00G) tx2(L=1.29G W=0.00G) tx3(L=1.29G W=0.00G)
[DP-STATS] route_connections crypto=[2,2,2,2,1,1] tx=[3,3,2,2]
[DP-STATS] crypto pps=[w0:214010 w1:214009 w2:214006 w3:214007 w4:107002 w5:107003] q_lan=[0,0,0,0,0,0] q_wan=[24,15,0,0,0,0] drop=[0,0,0,0,0,0]
[DP-STATS] ts=2026-09-03T07:17:16+0000 interval=5.1s LAN_RX=0.00G WAN_RX=6.93G TX_WAN=0.00G TX_LAN=6.47G bypass=0 local_drop=0 wan_fwd=37722960 wan_drop=0 wan_policy_drop=0 rx_ring_drop(lan=0 wan=0) mid_ring_drop=0 seq_untracked=0
[DP-STATS] ring_depth lan_to_mid=0 wan_to_mid=11 mid_to_wan=0 mid_to_local=23 tx_no_free(lan=0 wan=0) tx_full(lan=0 wan=0) pool_free=262060
[XDP-STATS] kernel_drop_delta lan(sockets=24 errors=0 rx_drop=0 ring_full=0 fill_empty=0 invalid_rx=0) wan(sockets=24 errors=0 rx_drop=0 ring_full=0 fill_empty=0 invalid_rx=0) tx_invalid(lan=0 wan=0) tx_empty(lan=1348033 wan=154200)
[DP-STATS] bond_reorder held=0 released=0 late_dup=0 gap_skip=0 overflow=0 evicted=0 held_high_water=0
[DP-STATS] bond_reorder_proto tcp(h=0 r=0 late=0 gap=0 ovf=0 evict=0) udp(h=0 r=0 late=0 gap=0 ovf=0 evict=0)
[DP-STATS] tx_slot_gbps tx0(L=1.94G W=0.00G) tx1(L=1.94G W=0.00G) tx2(L=1.29G W=0.00G) tx3(L=1.29G W=0.00G)
[DP-STATS] route_connections crypto=[2,2,2,2,1,1] tx=[3,3,2,2]
[DP-STATS] crypto pps=[w0:214010 w1:214005 w2:214010 w3:214007 w4:107004 w5:107004] q_lan=[0,0,0,0,0,0] q_wan=[3,28,0,0,0,3] drop=[0,0,0,0,0,0]
[DP-STATS] ts=2026-09-03T07:17:21+0000 interval=5.2s LAN_RX=0.00G WAN_RX=6.93G TX_WAN=0.00G TX_LAN=6.47G bypass=0 local_drop=0 wan_fwd=40480413 wan_drop=0 wan_policy_drop=0 rx_ring_drop(lan=0 wan=0) mid_ring_drop=0 seq_untracked=0
[DP-STATS] ring_depth lan_to_mid=0 wan_to_mid=18 mid_to_wan=0 mid_to_local=41 tx_no_free(lan=0 wan=0) tx_full(lan=0 wan=0) pool_free=262026
[XDP-STATS] kernel_drop_delta lan(sockets=24 errors=0 rx_drop=0 ring_full=0 fill_empty=0 invalid_rx=0) wan(sockets=24 errors=0 rx_drop=0 ring_full=0 fill_empty=0 invalid_rx=0) tx_invalid(lan=0 wan=0) tx_empty(lan=1360802 wan=177744)
[DP-STATS] bond_reorder held=0 released=0 late_dup=0 gap_skip=0 overflow=0 evicted=0 held_high_water=0
[DP-STATS] bond_reorder_proto tcp(h=0 r=0 late=0 gap=0 ovf=0 evict=0) udp(h=0 r=0 late=0 gap=0 ovf=0 evict=0)
[DP-STATS] tx_slot_gbps tx0(L=1.94G W=0.00G) tx1(L=1.94G W=0.00G) tx2(L=1.29G W=0.00G) tx3(L=1.29G W=0.00G)
[DP-STATS] route_connections crypto=[2,2,2,2,1,1] tx=[3,3,2,2]
[DP-STATS] crypto pps=[w0:214005 w1:214007 w2:214005 w3:214008 w4:107004 w5:107002] q_lan=[0,0,0,0,0,0] q_wan=[28,14,27,0,7,0] drop=[0,0,0,0,0,0]
[DP-STATS] ts=2026-09-03T07:17:27+0000 interval=5.2s LAN_RX=0.00G WAN_RX=6.93G TX_WAN=0.00G TX_LAN=6.47G bypass=0 local_drop=0 wan_fwd=43274623 wan_drop=0 wan_policy_drop=0 rx_ring_drop(lan=0 wan=0) mid_ring_drop=0 seq_untracked=0
[DP-STATS] ring_depth lan_to_mid=0 wan_to_mid=0 mid_to_wan=0 mid_to_local=0 tx_no_free(lan=0 wan=0) tx_full(lan=0 wan=0) pool_free=262097
[XDP-STATS] kernel_drop_delta lan(sockets=24 errors=0 rx_drop=0 ring_full=0 fill_empty=0 invalid_rx=0) wan(sockets=24 errors=0 rx_drop=0 ring_full=0 fill_empty=0 invalid_rx=0) tx_invalid(lan=0 wan=0) tx_empty(lan=1379136 wan=171168)
[DP-STATS] bond_reorder held=0 released=0 late_dup=0 gap_skip=0 overflow=0 evicted=0 held_high_water=0
[DP-STATS] bond_reorder_proto tcp(h=0 r=0 late=0 gap=0 ovf=0 evict=0) udp(h=0 r=0 late=0 gap=0 ovf=0 evict=0)
[DP-STATS] tx_slot_gbps tx0(L=1.94G W=0.00G) tx1(L=1.94G W=0.00G) tx2(L=1.29G W=0.00G) tx3(L=1.29G W=0.00G)
[DP-STATS] route_connections crypto=[2,2,2,2,1,1] tx=[3,3,2,2]
[DP-STATS] crypto pps=[w0:214008 w1:214005 w2:214009 w3:214007 w4:107002 w5:107003] q_lan=[0,0,0,0,0,0] q_wan=[0,0,0,0,0,0] drop=[0,0,0,0,0,0]
[DP-STATS] ts=2026-09-03T07:17:32+0000 interval=5.2s LAN_RX=0.00G WAN_RX=6.93G TX_WAN=0.00G TX_LAN=6.47G bypass=0 local_drop=0 wan_fwd=46080059 wan_drop=0 wan_policy_drop=0 rx_ring_drop(lan=0 wan=0) mid_ring_drop=0 seq_untracked=0
[DP-STATS] ring_depth lan_to_mid=0 wan_to_mid=0 mid_to_wan=0 mid_to_local=4 tx_no_free(lan=0 wan=0) tx_full(lan=0 wan=0) pool_free=262077
[XDP-STATS] kernel_drop_delta lan(sockets=24 errors=0 rx_drop=0 ring_full=0 fill_empty=0 invalid_rx=0) wan(sockets=24 errors=0 rx_drop=0 ring_full=0 fill_empty=0 invalid_rx=0) tx_invalid(lan=0 wan=0) tx_empty(lan=1389556 wan=173161)
[DP-STATS] bond_reorder held=0 released=0 late_dup=0 gap_skip=0 overflow=0 evicted=0 held_high_water=0
[DP-STATS] bond_reorder_proto tcp(h=0 r=0 late=0 gap=0 ovf=0 evict=0) udp(h=0 r=0 late=0 gap=0 ovf=0 evict=0)
[DP-STATS] tx_slot_gbps tx0(L=1.94G W=0.00G) tx1(L=1.94G W=0.00G) tx2(L=1.29G W=0.00G) tx3(L=1.29G W=0.00G)
[DP-STATS] route_connections crypto=[2,2,2,2,1,1] tx=[3,3,2,2]
[DP-STATS] crypto pps=[w0:214004 w1:214009 w2:214002 w3:214003 w4:107004 w5:107001] q_lan=[0,0,0,0,0,0] q_wan=[8,9,0,0,0,0] drop=[0,0,0,0,0,0]
[DP-STATS] ts=2026-09-03T07:17:37+0000 interval=5.4s LAN_RX=0.00G WAN_RX=6.93G TX_WAN=0.00G TX_LAN=6.47G bypass=0 local_drop=0 wan_fwd=48946861 wan_drop=0 wan_policy_drop=0 rx_ring_drop(lan=0 wan=0) mid_ring_drop=0 seq_untracked=0
[DP-STATS] ring_depth lan_to_mid=0 wan_to_mid=53 mid_to_wan=0 mid_to_local=14 tx_no_free(lan=0 wan=0) tx_full(lan=0 wan=0) pool_free=261988
[XDP-STATS] kernel_drop_delta lan(sockets=24 errors=0 rx_drop=0 ring_full=0 fill_empty=0 invalid_rx=0) wan(sockets=24 errors=0 rx_drop=0 ring_full=0 fill_empty=0 invalid_rx=0) tx_invalid(lan=0 wan=0) tx_empty(lan=1418489 wan=171144)
[DP-STATS] bond_reorder held=0 released=0 late_dup=0 gap_skip=0 overflow=0 evicted=0 held_high_water=0
[DP-STATS] bond_reorder_proto tcp(h=0 r=0 late=0 gap=0 ovf=0 evict=0) udp(h=0 r=0 late=0 gap=0 ovf=0 evict=0)
[DP-STATS] tx_slot_gbps tx0(L=1.94G W=0.00G) tx1(L=1.94G W=0.00G) tx2(L=1.29G W=0.00G) tx3(L=1.29G W=0.00G)
[DP-STATS] route_connections crypto=[2,2,2,2,1,1] tx=[3,3,2,2]
[DP-STATS] crypto pps=[w0:214008 w1:214007 w2:214009 w3:214007 w4:107006 w5:107005] q_lan=[0,0,0,0,0,0] q_wan=[0,0,0,30,0,0] drop=[0,0,0,0,0,0]
[DP-STATS] ts=2026-09-03T07:17:43+0000 interval=5.4s LAN_RX=0.00G WAN_RX=6.93G TX_WAN=0.00G TX_LAN=6.47G bypass=0 local_drop=0 wan_fwd=51817253 wan_drop=0 wan_policy_drop=0 rx_ring_drop(lan=0 wan=0) mid_ring_drop=0 seq_untracked=0
[DP-STATS] ring_depth lan_to_mid=0 wan_to_mid=43 mid_to_wan=0 mid_to_local=26 tx_no_free(lan=0 wan=0) tx_full(lan=0 wan=0) pool_free=262008
[XDP-STATS] kernel_drop_delta lan(sockets=24 errors=0 rx_drop=0 ring_full=0 fill_empty=0 invalid_rx=0) wan(sockets=24 errors=0 rx_drop=0 ring_full=0 fill_empty=0 invalid_rx=0) tx_invalid(lan=0 wan=0) tx_empty(lan=1421812 wan=173424)
[DP-STATS] bond_reorder held=0 released=0 late_dup=0 gap_skip=0 overflow=0 evicted=0 held_high_water=0
[DP-STATS] bond_reorder_proto tcp(h=0 r=0 late=0 gap=0 ovf=0 evict=0) udp(h=0 r=0 late=0 gap=0 ovf=0 evict=0)
[DP-STATS] tx_slot_gbps tx0(L=1.94G W=0.00G) tx1(L=1.94G W=0.00G) tx2(L=1.29G W=0.00G) tx3(L=1.29G W=0.00G)
[DP-STATS] route_connections crypto=[2,2,2,2,1,1] tx=[3,3,2,2]
[DP-STATS] crypto pps=[w0:214011 w1:214004 w2:214008 w3:214011 w4:107002 w5:107003] q_lan=[0,0,0,0,0,0] q_wan=[0,0,0,0,0,0] drop=[0,0,0,0,0,0]

