log gửi
Sep 03 04:44:14 sep-appliance network-encryptor[6096]: [DP-STATS] 11.1s LAN_RX=1.35G WAN_RX=0.00G TX_WAN=1.45G TX_LAN=0.00G bypass=0 local_drop=9 wan_fwd=6 wan_drop=0 wan_policy_drop=0 rx_ring_drop(lan=0 wan=0) mid_ring_drop=0
Sep 03 04:44:14 sep-appliance network-encryptor[6096]: [DP-STATS] ring_depth lan_to_mid=0 wan_to_mid=0 mid_to_wan=36 mid_to_local=0 tx_no_free(wan0)=0 tx_full(lan=0 wan=0) pool_free=262032
Sep 03 04:44:14 sep-appliance network-encryptor[6096]: [DP-STATS] bond_reorder held=0 released=0 late_dup=0 gap_skip=0 overflow=0 evicted=0 held_high_water=0
Sep 03 04:44:14 sep-appliance network-encryptor[6096]: [DP-STATS] bond_reorder_proto tcp(h=0 r=0 late=0 gap=0 ovf=0 evict=0) udp(h=0 r=0 late=0 gap=0 ovf=0 evict=0)
Sep 03 04:44:14 sep-appliance network-encryptor[6096]: [DP-STATS] tx_slot_gbps tx0(L=0.00G W=0.43G) tx1(L=0.00G W=0.43G) tx2(L=0.00G W=0.29G) tx3(L=0.00G W=0.29G)
Sep 03 04:44:14 sep-appliance network-encryptor[6096]: [DP-STATS] route_connections crypto=[2,2,2,2,1,1] tx=[3,3,2,2]
Sep 03 04:44:14 sep-appliance network-encryptor[6096]: [DP-STATS] crypto pps=[w0:22375 w1:22375 w2:22375 w3:22375 w4:11188 w5:11188] q_lan=[11,2,6,9,0,2] q_wan=[0,0,0,0,0,0] drop=[0,0,0,0,0,0]
Sep 03 04:44:19 sep-appliance network-encryptor[6096]: [DP-STATS] 4.7s LAN_RX=6.47G WAN_RX=0.00G TX_WAN=6.93G TX_LAN=0.00G bypass=0 local_drop=11 wan_fwd=6 wan_drop=0 wan_policy_drop=0 rx_ring_drop(lan=0 wan=0) mid_ring_drop=0
Sep 03 04:44:19 sep-appliance network-encryptor[6096]: [DP-STATS] ring_depth lan_to_mid=0 wan_to_mid=0 mid_to_wan=0 mid_to_local=0 tx_no_free(wan0)=0 tx_full(lan=0 wan=0) pool_free=261919Sep 03 04:44:19 sep-appliance network-encryptor[6096]: [DP-STATS] bond_reorder held=0 released=0 late_dup=0 gap_skip=0 overflow=0 evicted=0 held_high_water=0
Sep 03 04:44:19 sep-appliance network-encryptor[6096]: [DP-STATS] bond_reorder_proto tcp(h=0 r=0 late=0 gap=0 ovf=0 evict=0) udp(h=0 r=0 late=0 gap=0 ovf=0 evict=0)
Sep 03 04:44:19 sep-appliance network-encryptor[6096]: [DP-STATS] tx_slot_gbps tx0(L=0.00G W=2.08G) tx1(L=0.00G W=2.08G) tx2(L=0.00G W=1.39G) tx3(L=0.00G W=1.39G)
Sep 03 04:44:19 sep-appliance network-encryptor[6096]: [DP-STATS] route_connections crypto=[2,2,2,2,1,1] tx=[3,3,2,2]
Sep 03 04:44:19 sep-appliance network-encryptor[6096]: [DP-STATS] crypto pps=[w0:107004 w1:107002 w2:107003 w3:107003 w4:53501 w5:53501] q_lan=[0,0,0,0,0,0] q_wan=[0,0,0,0,0,0] drop=[0,0,0,0,0,0]
Sep 03 04:44:24 sep-appliance network-encryptor[6096]: [DP-STATS] 4.7s LAN_RX=6.47G WAN_RX=0.00G TX_WAN=6.93G TX_LAN=0.00G bypass=0 local_drop=15 wan_fwd=6 wan_drop=0 wan_policy_drop=0 rx_ring_drop(lan=0 wan=0) mid_ring_drop=0
Sep 03 04:44:24 sep-appliance network-encryptor[6096]: [DP-STATS] ring_depth lan_to_mid=21 wan_to_mid=0 mid_to_wan=30 mid_to_local=0 tx_no_free(wan0)=0 tx_full(lan=0 wan=0) pool_free=261887
Sep 03 04:44:24 sep-appliance network-encryptor[6096]: [DP-STATS] bond_reorder held=0 released=0 late_dup=0 gap_skip=0 overflow=0 evicted=0 held_high_water=0
Sep 03 04:44:24 sep-appliance network-encryptor[6096]: [DP-STATS] bond_reorder_proto tcp(h=0 r=0 late=0 gap=0 ovf=0 evict=0) udp(h=0 r=0 late=0 gap=0 ovf=0 evict=0)
Sep 03 04:44:24 sep-appliance network-encryptor[6096]: [DP-STATS] tx_slot_gbps tx0(L=0.00G W=2.08G) tx1(L=0.00G W=2.08G) tx2(L=0.00G W=1.39G) tx3(L=0.00G W=1.39G)
Sep 03 04:44:24 sep-appliance network-encryptor[6096]: [DP-STATS] route_connections crypto=[2,2,2,2,1,1] tx=[3,3,2,2]
Sep 03 04:44:24 sep-appliance network-encryptor[6096]: [DP-STATS] crypto pps=[w0:107005 w1:107007 w2:107003 w3:107006 w4:53504 w5:53502] q_lan=[0,0,0,0,0,0] q_wan=[0,0,0,0,0,0] drop=[0,0,0,0,0,0]
Sep 03 04:44:28 sep-appliance network-encryptor[6096]: [DP-STATS] 4.7s LAN_RX=6.47G WAN_RX=0.00G TX_WAN=6.93G TX_LAN=0.00G bypass=0 local_drop=17 wan_fwd=6 wan_drop=0 wan_policy_drop=0 rx_ring_drop(lan=0 wan=0) mid_ring_drop=0
Sep 03 04:44:28 sep-appliance network-encryptor[6096]: [DP-STATS] ring_depth lan_to_mid=0 wan_to_mid=0 mid_to_wan=0 mid_to_local=0 tx_no_free(wan0)=0 tx_full(lan=0 wan=0) pool_free=261955Sep 03 04:44:28 sep-appliance network-encryptor[6096]: [DP-STATS] bond_reorder held=0 released=0 late_dup=0 gap_skip=0 overflow=0 evicted=0 held_high_water=0
Sep 03 04:44:28 sep-appliance network-encryptor[6096]: [DP-STATS] bond_reorder_proto tcp(h=0 r=0 late=0 gap=0 ovf=0 evict=0) udp(h=0 r=0 late=0 gap=0 ovf=0 evict=0)
Sep 03 04:44:28 sep-appliance network-encryptor[6096]: [DP-STATS] tx_slot_gbps tx0(L=0.00G W=2.08G) tx1(L=0.00G W=2.08G) tx2(L=0.00G W=1.39G) tx3(L=0.00G W=1.39G)
Sep 03 04:44:28 sep-appliance network-encryptor[6096]: [DP-STATS] route_connections crypto=[2,2,2,2,1,1] tx=[3,3,2,2]
Sep 03 04:44:28 sep-appliance network-encryptor[6096]: [DP-STATS] crypto pps=[w0:107004 w1:107001 w2:107005 w3:107003 w4:53502 w5:53502] q_lan=[2,14,8,2,0,1] q_wan=[0,0,0,0,0,0] drop=[0,0,0,0,0,0]
Sep 03 04:44:33 sep-appliance network-encryptor[6096]: [DP-STATS] 4.7s LAN_RX=6.47G WAN_RX=0.00G TX_WAN=6.93G TX_LAN=0.00G bypass=0 local_drop=18 wan_fwd=6 wan_drop=0 wan_policy_drop=0 rx_ring_drop(lan=0 wan=0) mid_ring_drop=0
Sep 03 04:44:33 sep-appliance network-encryptor[6096]: [DP-STATS] ring_depth lan_to_mid=14 wan_to_mid=0 mid_to_wan=28 mid_to_local=0 tx_no_free(wan0)=0 tx_full(lan=0 wan=0) pool_free=261938
Sep 03 04:44:33 sep-appliance network-encryptor[6096]: [DP-STATS] bond_reorder held=0 released=0 late_dup=0 gap_skip=0 overflow=0 evicted=0 held_high_water=0
Sep 03 04:44:33 sep-appliance network-encryptor[6096]: [DP-STATS] bond_reorder_proto tcp(h=0 r=0 late=0 gap=0 ovf=0 evict=0) udp(h=0 r=0 late=0 gap=0 ovf=0 evict=0)
Sep 03 04:44:33 sep-appliance network-encryptor[6096]: [DP-STATS] tx_slot_gbps tx0(L=0.00G W=2.08G) tx1(L=0.00G W=2.08G) tx2(L=0.00G W=1.39G) tx3(L=0.00G W=1.39G)
Sep 03 04:44:33 sep-appliance network-encryptor[6096]: [DP-STATS] route_connections crypto=[2,2,2,2,1,1] tx=[3,3,2,2]
Sep 03 04:44:33 sep-appliance network-encryptor[6096]: [DP-STATS] crypto pps=[w0:107003 w1:107005 w2:107005 w3:107003 w4:53502 w5:53502] q_lan=[1,9,0,0,0,0] q_wan=[0,0,0,0,0,0] drop=[0,0,0,0,0,0]
Sep 03 04:44:38 sep-appliance network-encryptor[6096]: [DP-STATS] 4.6s LAN_RX=6.47G WAN_RX=0.00G TX_WAN=6.93G TX_LAN=0.00G bypass=0 local_drop=22 wan_fwd=6 wan_drop=0 wan_policy_drop=0 rx_ring_drop(lan=0 wan=0) mid_ring_drop=0
Sep 03 04:44:38 sep-appliance network-encryptor[6096]: [DP-STATS] ring_depth lan_to_mid=0 wan_to_mid=0 mid_to_wan=42 mid_to_local=0 tx_no_free(wan0)=0 tx_full(lan=0 wan=0) pool_free=261963
Sep 03 04:44:38 sep-appliance network-encryptor[6096]: [DP-STATS] bond_reorder held=0 released=0 late_dup=0 gap_skip=0 overflow=0 evicted=0 held_high_water=0
Sep 03 04:44:38 sep-appliance network-encryptor[6096]: [DP-STATS] bond_reorder_proto tcp(h=0 r=0 late=0 gap=0 ovf=0 evict=0) udp(h=0 r=0 late=0 gap=0 ovf=0 evict=0)
Sep 03 04:44:38 sep-appliance network-encryptor[6096]: [DP-STATS] tx_slot_gbps tx0(L=0.00G W=2.08G) tx1(L=0.00G W=2.08G) tx2(L=0.00G W=1.39G) tx3(L=0.00G W=1.39G)
Sep 03 04:44:38 sep-appliance network-encryptor[6096]: [DP-STATS] route_connections crypto=[2,2,2,2,1,1] tx=[3,3,2,2]
Sep 03 04:44:38 sep-appliance network-encryptor[6096]: [DP-STATS] crypto pps=[w0:107002 w1:107005 w2:107002 w3:107003 w4:53502 w5:53503] q_lan=[15,1,9,13,2,0] q_wan=[0,0,0,0,0,0] drop=[0,0,0,0,0,0]
Sep 03 04:44:42 sep-appliance network-encryptor[6096]: [DP-STATS] 4.6s LAN_RX=6.47G WAN_RX=0.00G TX_WAN=6.93G TX_LAN=0.00G bypass=0 local_drop=30 wan_fwd=6 wan_drop=0 wan_policy_drop=0 rx_ring_drop(lan=0 wan=0) mid_ring_drop=0
Sep 03 04:44:42 sep-appliance network-encryptor[6096]: [DP-STATS] ring_depth lan_to_mid=17 wan_to_mid=0 mid_to_wan=32 mid_to_local=0 tx_no_free(wan0)=0 tx_full(lan=0 wan=0) pool_free=261913
Sep 03 04:44:42 sep-appliance network-encryptor[6096]: [DP-STATS] bond_reorder held=0 released=0 late_dup=0 gap_skip=0 overflow=0 evicted=0 held_high_water=0
Sep 03 04:44:42 sep-appliance network-encryptor[6096]: [DP-STATS] bond_reorder_proto tcp(h=0 r=0 late=0 gap=0 ovf=0 evict=0) udp(h=0 r=0 late=0 gap=0 ovf=0 evict=0)
Sep 03 04:44:42 sep-appliance network-encryptor[6096]: [DP-STATS] tx_slot_gbps tx0(L=0.00G W=2.08G) tx1(L=0.00G W=2.08G) tx2(L=0.00G W=1.39G) tx3(L=0.00G W=1.39G)
Sep 03 04:44:42 sep-appliance network-encryptor[6096]: [DP-STATS] route_connections crypto=[2,2,2,2,1,1] tx=[3,3,2,2]
Sep 03 04:44:42 sep-appliance network-encryptor[6096]: [DP-STATS] crypto pps=[w0:107004 w1:107003 w2:107004 w3:107004 w4:53501 w5:53503] q_lan=[6,0,0,0,0,0] q_wan=[0,0,0,0,0,0] drop=[0,0,0,0,0,0]
Sep 03 04:44:47 sep-appliance network-encryptor[6096]: [DP-STATS] 4.6s LAN_RX=6.47G WAN_RX=0.00G TX_WAN=6.93G TX_LAN=0.00G bypass=0 local_drop=33 wan_fwd=6 wan_drop=0 wan_policy_drop=0 rx_ring_drop(lan=0 wan=0) mid_ring_drop=0
Sep 03 04:44:47 sep-appliance network-encryptor[6096]: [DP-STATS] ring_depth lan_to_mid=22 wan_to_mid=0 mid_to_wan=0 mid_to_local=0 tx_no_free(wan0)=0 tx_full(lan=0 wan=0) pool_free=261841
Sep 03 04:44:47 sep-appliance network-encryptor[6096]: [DP-STATS] bond_reorder held=0 released=0 late_dup=0 gap_skip=0 overflow=0 evicted=0 held_high_water=0
Sep 03 04:44:47 sep-appliance network-encryptor[6096]: [DP-STATS] bond_reorder_proto tcp(h=0 r=0 late=0 gap=0 ovf=0 evict=0) udp(h=0 r=0 late=0 gap=0 ovf=0 evict=0)
Sep 03 04:44:47 sep-appliance network-encryptor[6096]: [DP-STATS] tx_slot_gbps tx0(L=0.00G W=2.08G) tx1(L=0.00G W=2.08G) tx2(L=0.00G W=1.39G) tx3(L=0.00G W=1.39G)
Sep 03 04:44:47 sep-appliance network-encryptor[6096]: [DP-STATS] route_connections crypto=[2,2,2,2,1,1] tx=[3,3,2,2]
Sep 03 04:44:47 sep-appliance network-encryptor[6096]: [DP-STATS] crypto pps=[w0:107003 w1:107005 w2:107002 w3:107004 w4:53503 w5:53502] q_lan=[10,3,13,8,0,0] q_wan=[0,0,0,0,0,0] drop=[0,0,0,0,0,0]
Sep 03 04:44:51 sep-appliance network-encryptor[6096]: [DP-STATS] 4.6s LAN_RX=6.47G WAN_RX=0.00G TX_WAN=6.93G TX_LAN=0.00G bypass=0 local_drop=37 wan_fwd=6 wan_drop=0 wan_policy_drop=0 rx_ring_drop(lan=0 wan=0) mid_ring_drop=0
Sep 03 04:44:51 sep-appliance network-encryptor[6096]: [DP-STATS] ring_depth lan_to_mid=0 wan_to_mid=0 mid_to_wan=2 mid_to_local=0 tx_no_free(wan0)=0 tx_full(lan=0 wan=0) pool_free=261977Sep 03 04:44:51 sep-appliance network-encryptor[6096]: [DP-STATS] bond_reorder held=0 released=0 late_dup=0 gap_skip=0 overflow=0 evicted=0 held_high_water=0
Sep 03 04:44:51 sep-appliance network-encryptor[6096]: [DP-STATS] bond_reorder_proto tcp(h=0 r=0 late=0 gap=0 ovf=0 evict=0) udp(h=0 r=0 late=0 gap=0 ovf=0 evict=0)
Sep 03 04:44:51 sep-appliance network-encryptor[6096]: [DP-STATS] tx_slot_gbps tx0(L=0.00G W=2.08G) tx1(L=0.00G W=2.08G) tx2(L=0.00G W=1.39G) tx3(L=0.00G W=1.39G)
Sep 03 04:44:51 sep-appliance network-encryptor[6096]: [DP-STATS] route_connections crypto=[2,2,2,2,1,1] tx=[3,3,2,2]
Sep 03 04:44:51 sep-appliance network-encryptor[6096]: [DP-STATS] crypto pps=[w0:107004 w1:107003 w2:107006 w3:107002 w4:53501 w5:53501] q_lan=[1,0,0,23,0,0] q_wan=[0,0,0,0,0,0] drop=[0,0,0,0,0,0]
Sep 03 04:44:56 sep-appliance network-encryptor[6096]: [DP-STATS] 4.6s LAN_RX=6.47G WAN_RX=0.00G TX_WAN=6.93G TX_LAN=0.00G bypass=0 local_drop=39 wan_fwd=6 wan_drop=0 wan_policy_drop=0 rx_ring_drop(lan=0 wan=0) mid_ring_drop=0
Sep 03 04:44:56 sep-appliance network-encryptor[6096]: [DP-STATS] ring_depth lan_to_mid=19 wan_to_mid=0 mid_to_wan=28 mid_to_local=0 tx_no_free(wan0)=0 tx_full(lan=0 wan=0) pool_free=261926
Sep 03 04:44:56 sep-appliance network-encryptor[6096]: [DP-STATS] bond_reorder held=0 released=0 late_dup=0 gap_skip=0 overflow=0 evicted=0 held_high_water=0
Sep 03 04:44:56 sep-appliance network-encryptor[6096]: [DP-STATS] bond_reorder_proto tcp(h=0 r=0 late=0 gap=0 ovf=0 evict=0) udp(h=0 r=0 late=0 gap=0 ovf=0 evict=0)
Sep 03 04:44:56 sep-appliance network-encryptor[6096]: [DP-STATS] tx_slot_gbps tx0(L=0.00G W=2.08G) tx1(L=0.00G W=2.08G) tx2(L=0.00G W=1.39G) tx3(L=0.00G W=1.39G)
Sep 03 04:44:56 sep-appliance network-encryptor[6096]: [DP-STATS] route_connections crypto=[2,2,2,2,1,1] tx=[3,3,2,2]
Sep 03 04:44:56 sep-appliance network-encryptor[6096]: [DP-STATS] crypto pps=[w0:107003 w1:107003 w2:107005 w3:107007 w4:53503 w5:53501] q_lan=[12,1,0,0,0,0] q_wan=[0,0,0,0,0,0] drop=[0,0,0,0,0,0]
Sep 03 04:45:01 sep-appliance network-encryptor[6096]: [DP-STATS] 4.6s LAN_RX=6.47G WAN_RX=0.00G TX_WAN=6.93G TX_LAN=0.00G bypass=0 local_drop=43 wan_fwd=6 wan_drop=0 wan_policy_drop=0 rx_ring_drop(lan=0 wan=0) mid_ring_drop=0
Sep 03 04:45:01 sep-appliance network-encryptor[6096]: [DP-STATS] ring_depth lan_to_mid=35 wan_to_mid=0 mid_to_wan=2 mid_to_local=0 tx_no_free(wan0)=0 tx_full(lan=0 wan=0) pool_free=261930
Sep 03 04:45:01 sep-appliance network-encryptor[6096]: [DP-STATS] bond_reorder held=0 released=0 late_dup=0 gap_skip=0 overflow=0 evicted=0 held_high_water=0
Sep 03 04:45:01 sep-appliance network-encryptor[6096]: [DP-STATS] bond_reorder_proto tcp(h=0 r=0 late=0 gap=0 ovf=0 evict=0) udp(h=0 r=0 late=0 gap=0 ovf=0 evict=0)
Sep 03 04:45:01 sep-appliance network-encryptor[6096]: [DP-STATS] tx_slot_gbps tx0(L=0.00G W=2.08G) tx1(L=0.00G W=2.08G) tx2(L=0.00G W=1.39G) tx3(L=0.00G W=1.39G)
Sep 03 04:45:01 sep-appliance network-encryptor[6096]: [DP-STATS] route_connections crypto=[2,2,2,2,1,1] tx=[3,3,2,2]
Sep 03 04:45:01 sep-appliance network-encryptor[6096]: [DP-STATS] crypto pps=[w0:107003 w1:107005 w2:107003 w3:107003 w4:53501 w5:53502] q_lan=[14,0,0,0,0,0] q_wan=[0,0,0,0,0,0] drop=[0,0,0,0,0,0]
Sep 03 04:45:05 sep-appliance network-encryptor[6096]: [DP-STATS] 4.6s LAN_RX=6.47G WAN_RX=0.00G TX_WAN=6.93G TX_LAN=0.00G bypass=0 local_drop=47 wan_fwd=6 wan_drop=0 wan_policy_drop=0 rx_ring_drop(lan=0 wan=0) mid_ring_drop=0
Sep 03 04:45:05 sep-appliance network-encryptor[6096]: [DP-STATS] ring_depth lan_to_mid=40 wan_to_mid=0 mid_to_wan=0 mid_to_local=0 tx_no_free(wan0)=0 tx_full(lan=0 wan=0) pool_free=261951
Sep 03 04:45:05 sep-appliance network-encryptor[6096]: [DP-STATS] bond_reorder held=0 released=0 late_dup=0 gap_skip=0 overflow=0 evicted=0 held_high_water=0
Sep 03 04:45:05 sep-appliance network-encryptor[6096]: [DP-STATS] bond_reorder_proto tcp(h=0 r=0 late=0 gap=0 ovf=0 evict=0) udp(h=0 r=0 late=0 gap=0 ovf=0 evict=0)
Sep 03 04:45:05 sep-appliance network-encryptor[6096]: [DP-STATS] tx_slot_gbps tx0(L=0.00G W=2.08G) tx1(L=0.00G W=2.08G) tx2(L=0.00G W=1.39G) tx3(L=0.00G W=1.39G)
Sep 03 04:45:05 sep-appliance network-encryptor[6096]: [DP-STATS] route_connections crypto=[2,2,2,2,1,1] tx=[3,3,2,2]
Sep 03 04:45:05 sep-appliance network-encryptor[6096]: [DP-STATS] crypto pps=[w0:107005 w1:107004 w2:107004 w3:107004 w4:53503 w5:53504] q_lan=[0,2,0,7,0,0] q_wan=[0,0,0,0,0,0] drop=[0,0,0,0,0,0]
Sep 03 04:45:06 sep-appliance network-encryptor[6096]: [PQC-HS-L3] KEM key keepalive triggered automatic recovery for Policy 2 (peer reported failed key state). Role=Responder.
Sep 03 04:45:06 sep-appliance network-encryptor[6096]: [PQC-WORKER-L3] Policy 2: Dynamic role resolved. Local IP: 10.0.0.1 (167772161), Peer IP: 10.0.0.2 (167772162). Resolved Role: RESPONDER
Sep 03 04:45:06 sep-appliance network-encryptor[6096]: [PQC-WORKER-L3] Responder (Policy 2) listening for HELLO...
Sep 03 04:45:06 sep-appliance network-encryptor[6096]: [PQC-HS-L3] Responder Policy 2 sent authenticated handshake request to Initiator.
Sep 03 04:45:06 sep-appliance network-encryptor[6096]: [PQC-HS] Responder Handshake SUCCESS for Policy 2. Promoted new key ID: 2 to CURRENT. Key prefix: C416DBF9...
Sep 03 04:45:06 sep-appliance network-encryptor[6096]:   [ne-key] processing: match
Sep 03 04:45:06 sep-appliance network-encryptor[6096]: +----------+----------+----------+----------+
Sep 03 04:45:06 sep-appliance network-encryptor[6096]: | profile  | policy   | ne       | pqc_hs   |
Sep 03 04:45:06 sep-appliance network-encryptor[6096]: +----------+----------+----------+----------+
Sep 03 04:45:06 sep-appliance network-encryptor[6096]: | 81       | 2        | C416DBF9 | C416DBF9 |
Sep 03 04:45:06 sep-appliance network-encryptor[6096]: +----------+----------+----------+----------+
Sep 03 04:45:06 sep-appliance network-encryptor[6096]: [PQC-HS-L3] Responder sent new RESP for Policy 2, session 1896957010.
Sep 03 04:45:10 sep-appliance network-encryptor[6096]: [DP-STATS] 4.6s LAN_RX=6.47G WAN_RX=0.00G TX_WAN=6.93G TX_LAN=0.00G bypass=0 local_drop=51 wan_fwd=6 wan_drop=0 wan_policy_drop=0 rx_ring_drop(lan=0 wan=0) mid_ring_drop=0
Sep 03 04:45:10 sep-appliance network-encryptor[6096]: [DP-STATS] ring_depth lan_to_mid=33 wan_to_mid=0 mid_to_wan=2 mid_to_local=0 tx_no_free(wan0)=0 tx_full(lan=0 wan=0) pool_free=261888
Sep 03 04:45:10 sep-appliance network-encryptor[6096]: [DP-STATS] bond_reorder held=0 released=0 late_dup=0 gap_skip=0 overflow=0 evicted=0 held_high_water=0
Sep 03 04:45:10 sep-appliance network-encryptor[6096]: [DP-STATS] bond_reorder_proto tcp(h=0 r=0 late=0 gap=0 ovf=0 evict=0) udp(h=0 r=0 late=0 gap=0 ovf=0 evict=0)
Sep 03 04:45:10 sep-appliance network-encryptor[6096]: [DP-STATS] tx_slot_gbps tx0(L=0.00G W=2.08G) tx1(L=0.00G W=2.08G) tx2(L=0.00G W=1.39G) tx3(L=0.00G W=1.39G)
Sep 03 04:45:10 sep-appliance network-encryptor[6096]: [DP-STATS] route_connections crypto=[2,2,2,2,1,1] tx=[3,3,2,2]
Sep 03 04:45:10 sep-appliance network-encryptor[6096]: [DP-STATS] crypto pps=[w0:107001 w1:107002 w2:107004 w3:107003 w4:53500 w5:53501] q_lan=[20,3,1,0,0,0] q_wan=[0,0,0,0,0,0] drop=[0,0,0,0,0,0]
Sep 03 04:45:14 sep-appliance network-encryptor[6096]: [DP-STATS] 4.5s LAN_RX=6.47G WAN_RX=0.00G TX_WAN=6.93G TX_LAN=0.00G bypass=0 local_drop=56 wan_fwd=6 wan_drop=0 wan_policy_drop=0 rx_ring_drop(lan=0 wan=0) mid_ring_drop=0
Sep 03 04:45:14 sep-appliance network-encryptor[6096]: [DP-STATS] ring_depth lan_to_mid=1 wan_to_mid=0 mid_to_wan=22 mid_to_local=0 tx_no_free(wan0)=0 tx_full(lan=0 wan=0) pool_free=261897
Sep 03 04:45:14 sep-appliance network-encryptor[6096]: [DP-STATS] bond_reorder held=0 released=0 late_dup=0 gap_skip=0 overflow=0 evicted=0 held_high_water=0
Sep 03 04:45:14 sep-appliance network-encryptor[6096]: [DP-STATS] bond_reorder_proto tcp(h=0 r=0 late=0 gap=0 ovf=0 evict=0) udp(h=0 r=0 late=0 gap=0 ovf=0 evict=0)
Sep 03 04:45:14 sep-appliance network-encryptor[6096]: [DP-STATS] tx_slot_gbps tx0(L=0.00G W=2.08G) tx1(L=0.00G W=2.08G) tx2(L=0.00G W=1.39G) tx3(L=0.00G W=1.39G)
Sep 03 04:45:14 sep-appliance network-encryptor[6096]: [DP-STATS] route_connections crypto=[2,2,2,2,1,1] tx=[3,3,2,2]
Sep 03 04:45:14 sep-appliance network-encryptor[6096]: [DP-STATS] crypto pps=[w0:107007 w1:107004 w2:107003 w3:107004 w4:53501 w5:53501] q_lan=[0,0,0,0,0,0] q_wan=[0,0,0,0,0,0] drop=[0,0,0,0,0,0]
Sep 03 04:45:19 sep-appliance network-encryptor[6096]: [DP-STATS] 4.5s LAN_RX=6.47G WAN_RX=0.00G TX_WAN=6.93G TX_LAN=0.00G bypass=0 local_drop=62 wan_fwd=6 wan_drop=0 wan_policy_drop=0 rx_ring_drop(lan=0 wan=0) mid_ring_drop=0
Sep 03 04:45:19 sep-appliance network-encryptor[6096]: [DP-STATS] ring_depth lan_to_mid=3 wan_to_mid=0 mid_to_wan=20 mid_to_local=0 tx_no_free(wan0)=0 tx_full(lan=0 wan=0) pool_free=261948
Sep 03 04:45:19 sep-appliance network-encryptor[6096]: [DP-STATS] bond_reorder held=0 released=0 late_dup=0 gap_skip=0 overflow=0 evicted=0 held_high_water=0
Sep 03 04:45:19 sep-appliance network-encryptor[6096]: [DP-STATS] bond_reorder_proto tcp(h=0 r=0 late=0 gap=0 ovf=0 evict=0) udp(h=0 r=0 late=0 gap=0 ovf=0 evict=0)
Sep 03 04:45:19 sep-appliance network-encryptor[6096]: [DP-STATS] tx_slot_gbps tx0(L=0.00G W=2.08G) tx1(L=0.00G W=2.08G) tx2(L=0.00G W=1.39G) tx3(L=0.00G W=1.39G)
Sep 03 04:45:19 sep-appliance network-encryptor[6096]: [DP-STATS] route_connections crypto=[2,2,2,2,1,1] tx=[3,3,2,2]
Sep 03 04:45:19 sep-appliance network-encryptor[6096]: [DP-STATS] crypto pps=[w0:107004 w1:107005 w2:107003 w3:107003 w4:53504 w5:53503] q_lan=[0,0,0,0,0,0] q_wan=[0,0,0,0,0,0] drop=[0,0,0,0,0,0]
Sep 03 04:45:23 sep-appliance network-encryptor[6096]: [DP-STATS] 4.5s LAN_RX=6.47G WAN_RX=0.00G TX_WAN=6.93G TX_LAN=0.00G bypass=0 local_drop=69 wan_fwd=6 wan_drop=0 wan_policy_drop=0 rx_ring_drop(lan=0 wan=0) mid_ring_drop=0
Sep 03 04:45:23 sep-appliance network-encryptor[6096]: [DP-STATS] ring_depth lan_to_mid=0 wan_to_mid=0 mid_to_wan=44 mid_to_local=0 tx_no_free(wan0)=0 tx_full(lan=0 wan=0) pool_free=261911
Sep 03 04:45:23 sep-appliance network-encryptor[6096]: [DP-STATS] bond_reorder held=0 released=0 late_dup=0 gap_skip=0 overflow=0 evicted=0 held_high_water=0
Sep 03 04:45:23 sep-appliance network-encryptor[6096]: [DP-STATS] bond_reorder_proto tcp(h=0 r=0 late=0 gap=0 ovf=0 evict=0) udp(h=0 r=0 late=0 gap=0 ovf=0 evict=0)
Sep 03 04:45:23 sep-appliance network-encryptor[6096]: [DP-STATS] tx_slot_gbps tx0(L=0.00G W=2.08G) tx1(L=0.00G W=2.08G) tx2(L=0.00G W=1.39G) tx3(L=0.00G W=1.39G)
Sep 03 04:45:23 sep-appliance network-encryptor[6096]: [DP-STATS] route_connections crypto=[2,2,2,2,1,1] tx=[3,3,2,2]
Sep 03 04:45:23 sep-appliance network-encryptor[6096]: [DP-STATS] crypto pps=[w0:107003 w1:107005 w2:107005 w3:107004 w4:53503 w5:53501] q_lan=[2,0,10,1,0,1] q_wan=[0,0,0,0,0,0] drop=[0,0,0,0,0,0]
Sep 03 04:45:28 sep-appliance network-encryptor[6096]: [DP-STATS] 4.5s LAN_RX=6.47G WAN_RX=0.00G TX_WAN=6.93G TX_LAN=0.00G bypass=0 local_drop=72 wan_fwd=6 wan_drop=0 wan_policy_drop=0 rx_ring_drop(lan=0 wan=0) mid_ring_drop=0
Sep 03 04:45:28 sep-appliance network-encryptor[6096]: [DP-STATS] ring_depth lan_to_mid=28 wan_to_mid=0 mid_to_wan=30 mid_to_local=0 tx_no_free(wan0)=0 tx_full(lan=0 wan=0) pool_free=261849
Sep 03 04:45:28 sep-appliance network-encryptor[6096]: [DP-STATS] bond_reorder held=0 released=0 late_dup=0 gap_skip=0 overflow=0 evicted=0 held_high_water=0
Sep 03 04:45:28 sep-appliance network-encryptor[6096]: [DP-STATS] bond_reorder_proto tcp(h=0 r=0 late=0 gap=0 ovf=0 evict=0) udp(h=0 r=0 late=0 gap=0 ovf=0 evict=0)
Sep 03 04:45:28 sep-appliance network-encryptor[6096]: [DP-STATS] tx_slot_gbps tx0(L=0.00G W=2.08G) tx1(L=0.00G W=2.08G) tx2(L=0.00G W=1.39G) tx3(L=0.00G W=1.39G)
Sep 03 04:45:28 sep-appliance network-encryptor[6096]: [DP-STATS] route_connections crypto=[2,2,2,2,1,1] tx=[3,3,2,2]
Sep 03 04:45:28 sep-appliance network-encryptor[6096]: [DP-STATS] crypto pps=[w0:107003 w1:107003 w2:107005 w3:107004 w4:53501 w5:53502] q_lan=[1,4,0,5,0,3] q_wan=[0,0,0,0,0,0] drop=[0,0,0,0,0,0]
Sep 03 04:45:32 sep-appliance network-encryptor[6096]: [DP-STATS] 4.5s LAN_RX=6.47G WAN_RX=0.00G TX_WAN=6.93G TX_LAN=0.00G bypass=0 local_drop=79 wan_fwd=6 wan_drop=0 wan_policy_drop=0 rx_ring_drop(lan=0 wan=0) mid_ring_drop=0
Sep 03 04:45:32 sep-appliance network-encryptor[6096]: [DP-STATS] ring_depth lan_to_mid=19 wan_to_mid=0 mid_to_wan=2 mid_to_local=0 tx_no_free(wan0)=0 tx_full(lan=0 wan=0) pool_free=261924
Sep 03 04:45:32 sep-appliance network-encryptor[6096]: [DP-STATS] bond_reorder held=0 released=0 late_dup=0 gap_skip=0 overflow=0 evicted=0 held_high_water=0
Sep 03 04:45:32 sep-appliance network-encryptor[6096]: [DP-STATS] bond_reorder_proto tcp(h=0 r=0 late=0 gap=0 ovf=0 evict=0) udp(h=0 r=0 late=0 gap=0 ovf=0 evict=0)
Sep 03 04:45:32 sep-appliance network-encryptor[6096]: [DP-STATS] tx_slot_gbps tx0(L=0.00G W=2.08G) tx1(L=0.00G W=2.08G) tx2(L=0.00G W=1.39G) tx3(L=0.00G W=1.39G)
Sep 03 04:45:32 sep-appliance network-encryptor[6096]: [DP-STATS] route_connections crypto=[2,2,2,2,1,1] tx=[3,3,2,2]
Sep 03 04:45:32 sep-appliance network-encryptor[6096]: [DP-STATS] crypto pps=[w0:107003 w1:107002 w2:107002 w3:107003 w4:53503 w5:53502] q_lan=[13,10,10,7,0,0] q_wan=[0,0,0,0,0,0] drop=[0,0,0,0,0,0]
Sep 03 04:45:37 sep-appliance network-encryptor[6096]: [DP-STATS] 4.5s LAN_RX=6.47G WAN_RX=0.00G TX_WAN=6.93G TX_LAN=0.00G bypass=0 local_drop=82 wan_fwd=6 wan_drop=0 wan_policy_drop=0 rx_ring_drop(lan=0 wan=0) mid_ring_drop=0
Sep 03 04:45:37 sep-appliance network-encryptor[6096]: [DP-STATS] ring_depth lan_to_mid=1 wan_to_mid=0 mid_to_wan=16 mid_to_local=0 tx_no_free(wan0)=0 tx_full(lan=0 wan=0) pool_free=261896
Sep 03 04:45:37 sep-appliance network-encryptor[6096]: [DP-STATS] bond_reorder held=0 released=0 late_dup=0 gap_skip=0 overflow=0 evicted=0 held_high_water=0
Sep 03 04:45:37 sep-appliance network-encryptor[6096]: [DP-STATS] bond_reorder_proto tcp(h=0 r=0 late=0 gap=0 ovf=0 evict=0) udp(h=0 r=0 late=0 gap=0 ovf=0 evict=0)
Sep 03 04:45:37 sep-appliance network-encryptor[6096]: [DP-STATS] tx_slot_gbps tx0(L=0.00G W=2.08G) tx1(L=0.00G W=2.08G) tx2(L=0.00G W=1.39G) tx3(L=0.00G W=1.39G)
Sep 03 04:45:37 sep-appliance network-encryptor[6096]: [DP-STATS] route_connections crypto=[2,2,2,2,1,1] tx=[3,3,2,2]
Sep 03 04:45:37 sep-appliance network-encryptor[6096]: [DP-STATS] crypto pps=[w0:107004 w1:107004 w2:107004 w3:107004 w4:53502 w5:53502] q_lan=[0,0,0,1,0,0] q_wan=[0,0,0,0,0,0] drop=[0,0,0,0,0,0]
Sep 03 04:45:42 sep-appliance network-encryptor[6096]: [DP-STATS] 4.5s LAN_RX=6.47G WAN_RX=0.00G TX_WAN=6.93G TX_LAN=0.00G bypass=0 local_drop=86 wan_fwd=6 wan_drop=0 wan_policy_drop=0 rx_ring_drop(lan=0 wan=0) mid_ring_drop=0
Sep 03 04:45:42 sep-appliance network-encryptor[6096]: [DP-STATS] ring_depth lan_to_mid=0 wan_to_mid=0 mid_to_wan=38 mid_to_local=0 tx_no_free(wan0)=0 tx_full(lan=0 wan=0) pool_free=262030
Sep 03 04:45:42 sep-appliance network-encryptor[6096]: [DP-STATS] bond_reorder held=0 released=0 late_dup=0 gap_skip=0 overflow=0 evicted=0 held_high_water=0
Sep 03 04:45:42 sep-appliance network-encryptor[6096]: [DP-STATS] bond_reorder_proto tcp(h=0 r=0 late=0 gap=0 ovf=0 evict=0) udp(h=0 r=0 late=0 gap=0 ovf=0 evict=0)
Sep 03 04:45:42 sep-appliance network-encryptor[6096]: [DP-STATS] tx_slot_gbps tx0(L=0.00G W=2.08G) tx1(L=0.00G W=2.08G) tx2(L=0.00G W=1.39G) tx3(L=0.00G W=1.39G)
Sep 03 04:45:42 sep-appliance network-encryptor[6096]: [DP-STATS] route_connections crypto=[2,2,2,2,1,1] tx=[3,3,2,2]
Sep 03 04:45:42 sep-appliance network-encryptor[6096]: [DP-STATS] crypto pps=[w0:107003 w1:107004 w2:107003 w3:107005 w4:53500 w5:53502] q_lan=[0,0,0,0,0,0] q_wan=[0,0,0,0,0,0] drop=[0,0,0,0,0,0]
Sep 03 04:45:46 sep-appliance network-encryptor[6096]: [DP-STATS] 4.5s LAN_RX=6.47G WAN_RX=0.00G TX_WAN=6.93G TX_LAN=0.00G bypass=0 local_drop=91 wan_fwd=6 wan_drop=0 wan_policy_drop=0 rx_ring_drop(lan=0 wan=0) mid_ring_drop=0
Sep 03 04:45:46 sep-appliance network-encryptor[6096]: [DP-STATS] ring_depth lan_to_mid=33 wan_to_mid=0 mid_to_wan=26 mid_to_local=0 tx_no_free(wan0)=0 tx_full(lan=0 wan=0) pool_free=261917
Sep 03 04:45:46 sep-appliance network-encryptor[6096]: [DP-STATS] bond_reorder held=0 released=0 late_dup=0 gap_skip=0 overflow=0 evicted=0 held_high_water=0
Sep 03 04:45:46 sep-appliance network-encryptor[6096]: [DP-STATS] bond_reorder_proto tcp(h=0 r=0 late=0 gap=0 ovf=0 evict=0) udp(h=0 r=0 late=0 gap=0 ovf=0 evict=0)
Sep 03 04:45:46 sep-appliance network-encryptor[6096]: [DP-STATS] tx_slot_gbps tx0(L=0.00G W=2.08G) tx1(L=0.00G W=2.08G) tx2(L=0.00G W=1.39G) tx3(L=0.00G W=1.39G)
Sep 03 04:45:46 sep-appliance network-encryptor[6096]: [DP-STATS] route_connections crypto=[2,2,2,2,1,1] tx=[3,3,2,2]
Sep 03 04:45:46 sep-appliance network-encryptor[6096]: [DP-STATS] crypto pps=[w0:107005 w1:107004 w2:107004 w3:107002 w4:53503 w5:53502] q_lan=[7,2,14,10,0,0] q_wan=[0,0,0,0,0,0] drop=[0,0,0,0,0,0]
Sep 03 04:45:51 sep-appliance network-encryptor[6096]: [DP-STATS] 4.5s LAN_RX=6.47G WAN_RX=0.00G TX_WAN=6.93G TX_LAN=0.00G bypass=0 local_drop=99 wan_fwd=6 wan_drop=0 wan_policy_drop=0 rx_ring_drop(lan=0 wan=0) mid_ring_drop=0
Sep 03 04:45:51 sep-appliance network-encryptor[6096]: [DP-STATS] ring_depth lan_to_mid=0 wan_to_mid=0 mid_to_wan=2 mid_to_local=0 tx_no_free(wan0)=0 tx_full(lan=0 wan=0) pool_free=261981Sep 03 04:45:51 sep-appliance network-encryptor[6096]: [DP-STATS] bond_reorder held=0 released=0 late_dup=0 gap_skip=0 overflow=0 evicted=0 held_high_water=0
Sep 03 04:45:51 sep-appliance network-encryptor[6096]: [DP-STATS] bond_reorder_proto tcp(h=0 r=0 late=0 gap=0 ovf=0 evict=0) udp(h=0 r=0 late=0 gap=0 ovf=0 evict=0)
Sep 03 04:45:51 sep-appliance network-encryptor[6096]: [DP-STATS] tx_slot_gbps tx0(L=0.00G W=2.08G) tx1(L=0.00G W=2.08G) tx2(L=0.00G W=1.39G) tx3(L=0.00G W=1.39G)
Sep 03 04:45:51 sep-appliance network-encryptor[6096]: [DP-STATS] route_connections crypto=[2,2,2,2,1,1] tx=[3,3,2,2]
Sep 03 04:45:51 sep-appliance network-encryptor[6096]: [DP-STATS] crypto pps=[w0:107004 w1:107005 w2:107005 w3:107004 w4:53501 w5:53500] q_lan=[1,1,6,8,0,1] q_wan=[0,0,0,0,0,0] drop=[0,0,0,0,0,0]
Sep 03 04:46:07 sep-appliance network-encryptor[6096]: [PQC-HS-L3] KEM key keepalive triggered automatic recovery for Policy 2 (peer reported failed key state). Role=Responder.
Sep 03 04:46:07 sep-appliance network-encryptor[6096]: [PQC-HS-L3] Responder received HELLO while ONLINE. Peer might have restarted! Re-handshaking for Policy 2...
Sep 03 04:46:07 sep-appliance network-encryptor[6096]: [PQC-HS] Responder Handshake SUCCESS for Policy 2. Promoted new key ID: 3 to CURRENT. Key prefix: 4E0802B2...
Sep 03 04:46:07 sep-appliance network-encryptor[6096]:   [ne-key] processing: match
Sep 03 04:46:07 sep-appliance network-encryptor[6096]: +----------+----------+----------+----------+
Sep 03 04:46:07 sep-appliance network-encryptor[6096]: | profile  | policy   | ne       | pqc_hs   |
Sep 03 04:46:07 sep-appliance network-encryptor[6096]: +----------+----------+----------+----------+
Sep 03 04:46:07 sep-appliance network-encryptor[6096]: | 81       | 2        | 4E0802B2 | 4E0802B2 |
Sep 03 04:46:07 sep-appliance network-encryptor[6096]: +----------+----------+----------+----------+
Sep 03 04:46:07 sep-appliance network-encryptor[6096]: [PQC-HS-L3] Responder sent new RESP for Policy 2, session 3986650800.



log nhận 
Sep 03 04:44:23 sep-appliance network-encryptor[14302]: [DP-STATS] 7.9s LAN_RX=0.00G WAN_RX=1.31G TX_WAN=0.00G TX_LAN=1.22G bypass=0 local_drop=0 wan_fwd=797867 wan_drop=2 wan_policy_drop=0 rx_ring_drop(lan=0 wan=0) mid_ring_drop=0
Sep 03 04:44:23 sep-appliance network-encryptor[14302]: [DP-STATS] ring_depth lan_to_mid=0 wan_to_mid=22 mid_to_wan=0 mid_to_local=10 tx_no_free(wan0)=0 tx_full(lan=0 wan=0) pool_free=262088
Sep 03 04:44:23 sep-appliance network-encryptor[14302]: [DP-STATS] bond_reorder held=0 released=0 late_dup=0 gap_skip=0 overflow=0 evicted=0 held_high_water=0
Sep 03 04:44:23 sep-appliance network-encryptor[14302]: [DP-STATS] bond_reorder_proto tcp(h=0 r=0 late=0 gap=0 ovf=0 evict=0) udp(h=0 r=0 late=0 gap=0 ovf=0 evict=0)
Sep 03 04:44:23 sep-appliance network-encryptor[14302]: [DP-STATS] tx_slot_gbps tx0(L=0.37G W=0.00G) tx1(L=0.37G W=0.00G) tx2(L=0.24G W=0.00G) tx3(L=0.24G W=0.00G)
Sep 03 04:44:23 sep-appliance network-encryptor[14302]: [DP-STATS] route_connections crypto=[2,2,2,2,1,1] tx=[3,3,2,2]
Sep 03 04:44:23 sep-appliance network-encryptor[14302]: [DP-STATS] crypto pps=[w0:40399 w1:40401 w2:40398 w3:40401 w4:20202 w5:20198] q_lan=[0,0,0,0,0,0] q_wan=[0,5,0,0,0,0] drop=[0,0,0,0,0,0]
Sep 03 04:44:29 sep-appliance network-encryptor[14302]: [DP-STATS] 6.0s LAN_RX=0.00G WAN_RX=6.93G TX_WAN=0.00G TX_LAN=6.47G bypass=0 local_drop=0 wan_fwd=4006883 wan_drop=2 wan_policy_drop=0 rx_ring_drop(lan=0 wan=0) mid_ring_drop=0
Sep 03 04:44:29 sep-appliance network-encryptor[14302]: [DP-STATS] ring_depth lan_to_mid=0 wan_to_mid=46 mid_to_wan=0 mid_to_local=4 tx_no_free(wan0)=0 tx_full(lan=0 wan=0) pool_free=262008
Sep 03 04:44:29 sep-appliance network-encryptor[14302]: [DP-STATS] bond_reorder held=0 released=0 late_dup=0 gap_skip=0 overflow=0 evicted=0 held_high_water=0
Sep 03 04:44:29 sep-appliance network-encryptor[14302]: [DP-STATS] bond_reorder_proto tcp(h=0 r=0 late=0 gap=0 ovf=0 evict=0) udp(h=0 r=0 late=0 gap=0 ovf=0 evict=0)
Sep 03 04:44:29 sep-appliance network-encryptor[14302]: [DP-STATS] tx_slot_gbps tx0(L=1.94G W=0.00G) tx1(L=1.94G W=0.00G) tx2(L=1.29G W=0.00G) tx3(L=1.29G W=0.00G)
Sep 03 04:44:29 sep-appliance network-encryptor[14302]: [DP-STATS] route_connections crypto=[2,2,2,2,1,1] tx=[3,3,2,2]
Sep 03 04:44:29 sep-appliance network-encryptor[14302]: [DP-STATS] crypto pps=[w0:214013 w1:214004 w2:214006 w3:214003 w4:107004 w5:107007] q_lan=[0,0,0,0,0,0] q_wan=[7,18,24,20,0,0] drop=[0,0,0,0,0,0]
Sep 03 04:44:35 sep-appliance network-encryptor[14302]: [DP-STATS] 6.0s LAN_RX=0.00G WAN_RX=6.93G TX_WAN=0.00G TX_LAN=6.47G bypass=0 local_drop=0 wan_fwd=7195082 wan_drop=2 wan_policy_drop=0 rx_ring_drop(lan=0 wan=0) mid_ring_drop=0
Sep 03 04:44:35 sep-appliance network-encryptor[14302]: [DP-STATS] ring_depth lan_to_mid=0 wan_to_mid=4 mid_to_wan=0 mid_to_local=20 tx_no_free(wan0)=0 tx_full(lan=0 wan=0) pool_free=262084
Sep 03 04:44:35 sep-appliance network-encryptor[14302]: [DP-STATS] bond_reorder held=0 released=0 late_dup=0 gap_skip=0 overflow=0 evicted=0 held_high_water=0
Sep 03 04:44:35 sep-appliance network-encryptor[14302]: [DP-STATS] bond_reorder_proto tcp(h=0 r=0 late=0 gap=0 ovf=0 evict=0) udp(h=0 r=0 late=0 gap=0 ovf=0 evict=0)
Sep 03 04:44:35 sep-appliance network-encryptor[14302]: [DP-STATS] tx_slot_gbps tx0(L=1.94G W=0.00G) tx1(L=1.94G W=0.00G) tx2(L=1.29G W=0.00G) tx3(L=1.29G W=0.00G)
Sep 03 04:44:35 sep-appliance network-encryptor[14302]: [DP-STATS] route_connections crypto=[2,2,2,2,1,1] tx=[3,3,2,2]
Sep 03 04:44:35 sep-appliance network-encryptor[14302]: [DP-STATS] crypto pps=[w0:214003 w1:214010 w2:214010 w3:214006 w4:107002 w5:107003] q_lan=[0,0,0,0,0,0] q_wan=[0,0,0,2,0,0] drop=[0,0,0,0,0,0]
Sep 03 04:44:39 sep-appliance network-encryptor[14302]: [DP-STATS] 4.5s LAN_RX=0.00G WAN_RX=6.93G TX_WAN=0.00G TX_LAN=6.47G bypass=0 local_drop=0 wan_fwd=9615827 wan_drop=2 wan_policy_drop=0 rx_ring_drop(lan=0 wan=0) mid_ring_drop=0
Sep 03 04:44:39 sep-appliance network-encryptor[14302]: [DP-STATS] ring_depth lan_to_mid=0 wan_to_mid=8 mid_to_wan=0 mid_to_local=9 tx_no_free(wan0)=0 tx_full(lan=0 wan=0) pool_free=262063
Sep 03 04:44:39 sep-appliance network-encryptor[14302]: [DP-STATS] bond_reorder held=0 released=0 late_dup=0 gap_skip=0 overflow=0 evicted=0 held_high_water=0
Sep 03 04:44:39 sep-appliance network-encryptor[14302]: [DP-STATS] bond_reorder_proto tcp(h=0 r=0 late=0 gap=0 ovf=0 evict=0) udp(h=0 r=0 late=0 gap=0 ovf=0 evict=0)
Sep 03 04:44:39 sep-appliance network-encryptor[14302]: [DP-STATS] tx_slot_gbps tx0(L=1.94G W=0.00G) tx1(L=1.94G W=0.00G) tx2(L=1.29G W=0.00G) tx3(L=1.29G W=0.00G)
Sep 03 04:44:39 sep-appliance network-encryptor[14302]: [DP-STATS] route_connections crypto=[2,2,2,2,1,1] tx=[3,3,2,2]
Sep 03 04:44:39 sep-appliance network-encryptor[14302]: [DP-STATS] crypto pps=[w0:214010 w1:214004 w2:214007 w3:214014 w4:107005 w5:107005] q_lan=[0,0,0,0,0,0] q_wan=[0,0,0,0,0,0] drop=[0,0,0,0,0,0]
Sep 03 04:44:45 sep-appliance network-encryptor[14302]: [DP-STATS] 6.0s LAN_RX=0.00G WAN_RX=6.93G TX_WAN=0.00G TX_LAN=6.47G bypass=0 local_drop=0 wan_fwd=12806824 wan_drop=2 wan_policy_drop=0 rx_ring_drop(lan=0 wan=0) mid_ring_drop=0
Sep 03 04:44:45 sep-appliance network-encryptor[14302]: [DP-STATS] ring_depth lan_to_mid=0 wan_to_mid=0 mid_to_wan=0 mid_to_local=13 tx_no_free(wan0)=0 tx_full(lan=0 wan=0) pool_free=262094
Sep 03 04:44:45 sep-appliance network-encryptor[14302]: [DP-STATS] bond_reorder held=0 released=0 late_dup=0 gap_skip=0 overflow=0 evicted=0 held_high_water=0
Sep 03 04:44:45 sep-appliance network-encryptor[14302]: [DP-STATS] bond_reorder_proto tcp(h=0 r=0 late=0 gap=0 ovf=0 evict=0) udp(h=0 r=0 late=0 gap=0 ovf=0 evict=0)
Sep 03 04:44:45 sep-appliance network-encryptor[14302]: [DP-STATS] tx_slot_gbps tx0(L=1.94G W=0.00G) tx1(L=1.94G W=0.00G) tx2(L=1.29G W=0.00G) tx3(L=1.29G W=0.00G)
Sep 03 04:44:45 sep-appliance network-encryptor[14302]: [DP-STATS] route_connections crypto=[2,2,2,2,1,1] tx=[3,3,2,2]
Sep 03 04:44:45 sep-appliance network-encryptor[14302]: [DP-STATS] crypto pps=[w0:214004 w1:214007 w2:214008 w3:214003 w4:107002 w5:107001] q_lan=[0,0,0,0,0,0] q_wan=[21,26,2,20,0,8] drop=[0,0,0,0,0,0]
Sep 03 04:44:51 sep-appliance network-encryptor[14302]: [DP-STATS] 5.9s LAN_RX=0.00G WAN_RX=6.93G TX_WAN=0.00G TX_LAN=6.47G bypass=0 local_drop=0 wan_fwd=15989971 wan_drop=2 wan_policy_drop=0 rx_ring_drop(lan=0 wan=0) mid_ring_drop=0
Sep 03 04:44:51 sep-appliance network-encryptor[14302]: [DP-STATS] ring_depth lan_to_mid=0 wan_to_mid=13 mid_to_wan=0 mid_to_local=12 tx_no_free(wan0)=0 tx_full(lan=0 wan=0) pool_free=262065
Sep 03 04:44:51 sep-appliance network-encryptor[14302]: [DP-STATS] bond_reorder held=0 released=0 late_dup=0 gap_skip=0 overflow=0 evicted=0 held_high_water=0
Sep 03 04:44:51 sep-appliance network-encryptor[14302]: [DP-STATS] bond_reorder_proto tcp(h=0 r=0 late=0 gap=0 ovf=0 evict=0) udp(h=0 r=0 late=0 gap=0 ovf=0 evict=0)
Sep 03 04:44:51 sep-appliance network-encryptor[14302]: [DP-STATS] tx_slot_gbps tx0(L=1.94G W=0.00G) tx1(L=1.94G W=0.00G) tx2(L=1.29G W=0.00G) tx3(L=1.29G W=0.00G)
Sep 03 04:44:51 sep-appliance network-encryptor[14302]: [DP-STATS] route_connections crypto=[2,2,2,2,1,1] tx=[3,3,2,2]
Sep 03 04:44:51 sep-appliance network-encryptor[14302]: [DP-STATS] crypto pps=[w0:214005 w1:214005 w2:214007 w3:214007 w4:107004 w5:107004] q_lan=[0,0,0,0,0,0] q_wan=[0,0,0,0,0,0] drop=[0,0,0,0,0,0]
Sep 03 04:44:57 sep-appliance network-encryptor[14302]: [DP-STATS] 5.9s LAN_RX=0.00G WAN_RX=6.93G TX_WAN=0.00G TX_LAN=6.47G bypass=0 local_drop=0 wan_fwd=19157846 wan_drop=2 wan_policy_drop=0 rx_ring_drop(lan=0 wan=0) mid_ring_drop=0
Sep 03 04:44:57 sep-appliance network-encryptor[14302]: [DP-STATS] ring_depth lan_to_mid=0 wan_to_mid=59 mid_to_wan=0 mid_to_local=2 tx_no_free(wan0)=0 tx_full(lan=0 wan=0) pool_free=261982
Sep 03 04:44:57 sep-appliance network-encryptor[14302]: [DP-STATS] bond_reorder held=0 released=0 late_dup=0 gap_skip=0 overflow=0 evicted=0 held_high_water=0
Sep 03 04:44:57 sep-appliance network-encryptor[14302]: [DP-STATS] bond_reorder_proto tcp(h=0 r=0 late=0 gap=0 ovf=0 evict=0) udp(h=0 r=0 late=0 gap=0 ovf=0 evict=0)
Sep 03 04:44:57 sep-appliance network-encryptor[14302]: [DP-STATS] tx_slot_gbps tx0(L=1.94G W=0.00G) tx1(L=1.94G W=0.00G) tx2(L=1.29G W=0.00G) tx3(L=1.29G W=0.00G)
Sep 03 04:44:57 sep-appliance network-encryptor[14302]: [DP-STATS] route_connections crypto=[2,2,2,2,1,1] tx=[3,3,2,2]
Sep 03 04:44:57 sep-appliance network-encryptor[14302]: [DP-STATS] crypto pps=[w0:214008 w1:214008 w2:214004 w3:214006 w4:107005 w5:107005] q_lan=[0,0,0,0,0,0] q_wan=[16,12,29,36,0,0] drop=[0,0,0,0,0,0]
Sep 03 04:45:03 sep-appliance network-encryptor[14302]: [DP-STATS] 6.0s LAN_RX=0.00G WAN_RX=6.93G TX_WAN=0.00G TX_LAN=6.47G bypass=0 local_drop=0 wan_fwd=22345760 wan_drop=2 wan_policy_drop=0 rx_ring_drop(lan=0 wan=0) mid_ring_drop=0
Sep 03 04:45:03 sep-appliance network-encryptor[14302]: [DP-STATS] ring_depth lan_to_mid=0 wan_to_mid=17 mid_to_wan=0 mid_to_local=0 tx_no_free(wan0)=0 tx_full(lan=0 wan=0) pool_free=262026
Sep 03 04:45:03 sep-appliance network-encryptor[14302]: [DP-STATS] bond_reorder held=0 released=0 late_dup=0 gap_skip=0 overflow=0 evicted=0 held_high_water=0
Sep 03 04:45:03 sep-appliance network-encryptor[14302]: [DP-STATS] bond_reorder_proto tcp(h=0 r=0 late=0 gap=0 ovf=0 evict=0) udp(h=0 r=0 late=0 gap=0 ovf=0 evict=0)
Sep 03 04:45:03 sep-appliance network-encryptor[14302]: [DP-STATS] tx_slot_gbps tx0(L=1.94G W=0.00G) tx1(L=1.94G W=0.00G) tx2(L=1.29G W=0.00G) tx3(L=1.29G W=0.00G)
Sep 03 04:45:03 sep-appliance network-encryptor[14302]: [DP-STATS] route_connections crypto=[2,2,2,2,1,1] tx=[3,3,2,2]
Sep 03 04:45:03 sep-appliance network-encryptor[14302]: [DP-STATS] crypto pps=[w0:214007 w1:214007 w2:214009 w3:214008 w4:107003 w5:107005] q_lan=[0,0,0,0,0,0] q_wan=[2,32,2,28,0,0] drop=[0,0,0,0,0,0]
Sep 03 04:45:09 sep-appliance network-encryptor[14302]: [DP-STATS] 5.9s LAN_RX=0.00G WAN_RX=6.93G TX_WAN=0.00G TX_LAN=6.47G bypass=0 local_drop=0 wan_fwd=25510930 wan_drop=2 wan_policy_drop=0 rx_ring_drop(lan=0 wan=0) mid_ring_drop=0
Sep 03 04:45:09 sep-appliance network-encryptor[14302]: [DP-STATS] ring_depth lan_to_mid=0 wan_to_mid=0 mid_to_wan=0 mid_to_local=20 tx_no_free(wan0)=0 tx_full(lan=0 wan=0) pool_free=262079
Sep 03 04:45:09 sep-appliance network-encryptor[14302]: [DP-STATS] bond_reorder held=0 released=0 late_dup=0 gap_skip=0 overflow=0 evicted=0 held_high_water=0
Sep 03 04:45:09 sep-appliance network-encryptor[14302]: [DP-STATS] bond_reorder_proto tcp(h=0 r=0 late=0 gap=0 ovf=0 evict=0) udp(h=0 r=0 late=0 gap=0 ovf=0 evict=0)
Sep 03 04:45:09 sep-appliance network-encryptor[14302]: [DP-STATS] tx_slot_gbps tx0(L=1.94G W=0.00G) tx1(L=1.94G W=0.00G) tx2(L=1.29G W=0.00G) tx3(L=1.29G W=0.00G)
Sep 03 04:45:09 sep-appliance network-encryptor[14302]: [DP-STATS] route_connections crypto=[2,2,2,2,1,1] tx=[3,3,2,2]
Sep 03 04:45:09 sep-appliance network-encryptor[14302]: [DP-STATS] crypto pps=[w0:214007 w1:214008 w2:214010 w3:214009 w4:107003 w5:107005] q_lan=[0,0,0,0,0,0] q_wan=[0,0,0,0,0,0] drop=[0,0,0,0,0,0]
Sep 03 04:45:15 sep-appliance network-encryptor[14302]: [DP-STATS] 6.0s LAN_RX=0.00G WAN_RX=6.93G TX_WAN=0.00G TX_LAN=6.47G bypass=0 local_drop=0 wan_fwd=28712090 wan_drop=2 wan_policy_drop=0 rx_ring_drop(lan=0 wan=0) mid_ring_drop=0
Sep 03 04:45:15 sep-appliance network-encryptor[14302]: [DP-STATS] ring_depth lan_to_mid=0 wan_to_mid=44 mid_to_wan=0 mid_to_local=20 tx_no_free(wan0)=0 tx_full(lan=0 wan=0) pool_free=262028
Sep 03 04:45:15 sep-appliance network-encryptor[14302]: [DP-STATS] bond_reorder held=0 released=0 late_dup=0 gap_skip=0 overflow=0 evicted=0 held_high_water=0
Sep 03 04:45:15 sep-appliance network-encryptor[14302]: [DP-STATS] bond_reorder_proto tcp(h=0 r=0 late=0 gap=0 ovf=0 evict=0) udp(h=0 r=0 late=0 gap=0 ovf=0 evict=0)
Sep 03 04:45:15 sep-appliance network-encryptor[14302]: [DP-STATS] tx_slot_gbps tx0(L=1.94G W=0.00G) tx1(L=1.94G W=0.00G) tx2(L=1.29G W=0.00G) tx3(L=1.29G W=0.00G)
Sep 03 04:45:15 sep-appliance network-encryptor[14302]: [DP-STATS] route_connections crypto=[2,2,2,2,1,1] tx=[3,3,2,2]
Sep 03 04:45:15 sep-appliance network-encryptor[14302]: [DP-STATS] crypto pps=[w0:214009 w1:214007 w2:214006 w3:214009 w4:107004 w5:107002] q_lan=[0,0,0,0,0,0] q_wan=[0,0,17,0,0,0] drop=[0,0,0,0,0,0]
Sep 03 04:45:16 sep-appliance network-encryptor[14302]: [PQC-HS-L3] Policy 2 missed 1 keepalive intervals; starting independent recovery as Initiator.
Sep 03 04:45:16 sep-appliance network-encryptor[14302]: [PQC-WORKER-L3] Policy 2: Dynamic role resolved. Local IP: 10.0.0.2 (167772162), Peer IP: 10.0.0.1 (167772161). Resolved Role: INITIATOR
Sep 03 04:45:16 sep-appliance network-encryptor[14302]: [PQC-WORKER-L3] Initiator Policy 2 sending HELLO session 1896957010 (try: 1)...
Sep 03 04:45:16 sep-appliance network-encryptor[14302]: [PQC-HS-L3] Accepted authenticated responder request eefd091849034f74. Restarting initiator handshake for Policy 2.
Sep 03 04:45:16 sep-appliance network-encryptor[14302]: [PQC-HS] Initiator Handshake SUCCESS for Policy 2. Promoted new key ID: 2 to CURRENT. Key prefix: C416DBF9...
Sep 03 04:45:16 sep-appliance network-encryptor[14302]: [PQC-WORKER-L3] Handshake SUCCESS for Policy 2!
Sep 03 04:45:16 sep-appliance network-encryptor[14302]:   [ne-key] processing: match
Sep 03 04:45:16 sep-appliance network-encryptor[14302]: +----------+----------+----------+----------+
Sep 03 04:45:16 sep-appliance network-encryptor[14302]: | profile  | policy   | ne       | pqc_hs   |
Sep 03 04:45:16 sep-appliance network-encryptor[14302]: +----------+----------+----------+----------+
Sep 03 04:45:16 sep-appliance network-encryptor[14302]: | 75       | 2        | C416DBF9 | C416DBF9 |
Sep 03 04:45:16 sep-appliance network-encryptor[14302]: +----------+----------+----------+----------+
Sep 03 04:45:20 sep-appliance network-encryptor[14302]: [DP-STATS] 4.6s LAN_RX=0.00G WAN_RX=6.93G TX_WAN=0.00G TX_LAN=6.46G bypass=0 local_drop=0 wan_fwd=31148515 wan_drop=5568 wan_policy_drop=0 rx_ring_drop(lan=0 wan=0) mid_ring_drop=0
Sep 03 04:45:20 sep-appliance network-encryptor[14302]: [DP-STATS] ring_depth lan_to_mid=0 wan_to_mid=1 mid_to_wan=0 mid_to_local=1 tx_no_free(wan0)=0 tx_full(lan=0 wan=0) pool_free=262105
Sep 03 04:45:20 sep-appliance network-encryptor[14302]: [DP-STATS] bond_reorder held=0 released=0 late_dup=0 gap_skip=0 overflow=0 evicted=0 held_high_water=0
Sep 03 04:45:20 sep-appliance network-encryptor[14302]: [DP-STATS] bond_reorder_proto tcp(h=0 r=0 late=0 gap=0 ovf=0 evict=0) udp(h=0 r=0 late=0 gap=0 ovf=0 evict=0)
Sep 03 04:45:20 sep-appliance network-encryptor[14302]: [DP-STATS] tx_slot_gbps tx0(L=1.94G W=0.00G) tx1(L=1.94G W=0.00G) tx2(L=1.29G W=0.00G) tx3(L=1.29G W=0.00G)
Sep 03 04:45:20 sep-appliance network-encryptor[14302]: [DP-STATS] route_connections crypto=[2,2,2,2,1,1] tx=[3,3,2,2]
Sep 03 04:45:20 sep-appliance network-encryptor[14302]: [DP-STATS] crypto pps=[w0:214003 w1:214003 w2:214005 w3:214006 w4:107000 w5:107002] q_lan=[0,0,0,0,0,0] q_wan=[0,0,0,0,0,0] drop=[0,0,0,0,0,0]
Sep 03 04:45:24 sep-appliance network-encryptor[14302]: [DP-STATS] 4.6s LAN_RX=0.00G WAN_RX=6.93G TX_WAN=0.00G TX_LAN=6.47G bypass=0 local_drop=0 wan_fwd=33597473 wan_drop=5568 wan_policy_drop=0 rx_ring_drop(lan=0 wan=0) mid_ring_drop=0
Sep 03 04:45:24 sep-appliance network-encryptor[14302]: [DP-STATS] ring_depth lan_to_mid=0 wan_to_mid=0 mid_to_wan=0 mid_to_local=2 tx_no_free(wan0)=0 tx_full(lan=0 wan=0) pool_free=262089
Sep 03 04:45:24 sep-appliance network-encryptor[14302]: [DP-STATS] bond_reorder held=0 released=0 late_dup=0 gap_skip=0 overflow=0 evicted=0 held_high_water=0
Sep 03 04:45:24 sep-appliance network-encryptor[14302]: [DP-STATS] bond_reorder_proto tcp(h=0 r=0 late=0 gap=0 ovf=0 evict=0) udp(h=0 r=0 late=0 gap=0 ovf=0 evict=0)
Sep 03 04:45:24 sep-appliance network-encryptor[14302]: [DP-STATS] tx_slot_gbps tx0(L=1.94G W=0.00G) tx1(L=1.94G W=0.00G) tx2(L=1.29G W=0.00G) tx3(L=1.29G W=0.00G)
Sep 03 04:45:24 sep-appliance network-encryptor[14302]: [DP-STATS] route_connections crypto=[2,2,2,2,1,1] tx=[3,3,2,2]
Sep 03 04:45:24 sep-appliance network-encryptor[14302]: [DP-STATS] crypto pps=[w0:214004 w1:214008 w2:214006 w3:214004 w4:107005 w5:107002] q_lan=[0,0,0,0,0,0] q_wan=[0,0,0,0,0,0] drop=[0,0,0,0,0,0]
Sep 03 04:45:29 sep-appliance network-encryptor[14302]: [DP-STATS] 4.6s LAN_RX=0.00G WAN_RX=6.93G TX_WAN=0.00G TX_LAN=6.47G bypass=0 local_drop=0 wan_fwd=36049886 wan_drop=5568 wan_policy_drop=0 rx_ring_drop(lan=0 wan=0) mid_ring_drop=0
Sep 03 04:45:29 sep-appliance network-encryptor[14302]: [DP-STATS] ring_depth lan_to_mid=0 wan_to_mid=19 mid_to_wan=0 mid_to_local=1 tx_no_free(wan0)=0 tx_full(lan=0 wan=0) pool_free=262036
Sep 03 04:45:29 sep-appliance network-encryptor[14302]: [DP-STATS] bond_reorder held=0 released=0 late_dup=0 gap_skip=0 overflow=0 evicted=0 held_high_water=0
Sep 03 04:45:29 sep-appliance network-encryptor[14302]: [DP-STATS] bond_reorder_proto tcp(h=0 r=0 late=0 gap=0 ovf=0 evict=0) udp(h=0 r=0 late=0 gap=0 ovf=0 evict=0)
Sep 03 04:45:29 sep-appliance network-encryptor[14302]: [DP-STATS] tx_slot_gbps tx0(L=1.94G W=0.00G) tx1(L=1.94G W=0.00G) tx2(L=1.29G W=0.00G) tx3(L=1.29G W=0.00G)
Sep 03 04:45:29 sep-appliance network-encryptor[14302]: [DP-STATS] route_connections crypto=[2,2,2,2,1,1] tx=[3,3,2,2]
Sep 03 04:45:29 sep-appliance network-encryptor[14302]: [DP-STATS] crypto pps=[w0:214009 w1:214009 w2:214009 w3:214008 w4:107003 w5:107008] q_lan=[0,0,0,0,0,0] q_wan=[20,0,6,4,0,0] drop=[0,0,0,0,0,0]
Sep 03 04:45:33 sep-appliance network-encryptor[14302]: [DP-STATS] 4.6s LAN_RX=0.00G WAN_RX=6.93G TX_WAN=0.00G TX_LAN=6.47G bypass=0 local_drop=0 wan_fwd=38508404 wan_drop=5568 wan_policy_drop=0 rx_ring_drop(lan=0 wan=0) mid_ring_drop=0
Sep 03 04:45:33 sep-appliance network-encryptor[14302]: [DP-STATS] ring_depth lan_to_mid=0 wan_to_mid=11 mid_to_wan=0 mid_to_local=2 tx_no_free(wan0)=0 tx_full(lan=0 wan=0) pool_free=262077
Sep 03 04:45:33 sep-appliance network-encryptor[14302]: [DP-STATS] bond_reorder held=0 released=0 late_dup=0 gap_skip=0 overflow=0 evicted=0 held_high_water=0
Sep 03 04:45:33 sep-appliance network-encryptor[14302]: [DP-STATS] bond_reorder_proto tcp(h=0 r=0 late=0 gap=0 ovf=0 evict=0) udp(h=0 r=0 late=0 gap=0 ovf=0 evict=0)
Sep 03 04:45:33 sep-appliance network-encryptor[14302]: [DP-STATS] tx_slot_gbps tx0(L=1.94G W=0.00G) tx1(L=1.94G W=0.00G) tx2(L=1.29G W=0.00G) tx3(L=1.29G W=0.00G)
Sep 03 04:45:33 sep-appliance network-encryptor[14302]: [DP-STATS] route_connections crypto=[2,2,2,2,1,1] tx=[3,3,2,2]
Sep 03 04:45:33 sep-appliance network-encryptor[14302]: [DP-STATS] crypto pps=[w0:214007 w1:214000 w2:214008 w3:214003 w4:107003 w5:107003] q_lan=[0,0,0,0,0,0] q_wan=[3,6,12,16,17,6] drop=[0,0,0,0,0,0]
Sep 03 04:45:38 sep-appliance network-encryptor[14302]: [DP-STATS] 4.6s LAN_RX=0.00G WAN_RX=6.93G TX_WAN=0.00G TX_LAN=6.47G bypass=0 local_drop=0 wan_fwd=40978527 wan_drop=5568 wan_policy_drop=0 rx_ring_drop(lan=0 wan=0) mid_ring_drop=0
Sep 03 04:45:38 sep-appliance network-encryptor[14302]: [DP-STATS] ring_depth lan_to_mid=0 wan_to_mid=35 mid_to_wan=0 mid_to_local=7 tx_no_free(wan0)=0 tx_full(lan=0 wan=0) pool_free=262043
Sep 03 04:45:38 sep-appliance network-encryptor[14302]: [DP-STATS] bond_reorder held=0 released=0 late_dup=0 gap_skip=0 overflow=0 evicted=0 held_high_water=0
Sep 03 04:45:38 sep-appliance network-encryptor[14302]: [DP-STATS] bond_reorder_proto tcp(h=0 r=0 late=0 gap=0 ovf=0 evict=0) udp(h=0 r=0 late=0 gap=0 ovf=0 evict=0)
Sep 03 04:45:38 sep-appliance network-encryptor[14302]: [DP-STATS] tx_slot_gbps tx0(L=1.94G W=0.00G) tx1(L=1.94G W=0.00G) tx2(L=1.29G W=0.00G) tx3(L=1.29G W=0.00G)
Sep 03 04:45:38 sep-appliance network-encryptor[14302]: [DP-STATS] route_connections crypto=[2,2,2,2,1,1] tx=[3,3,2,2]
Sep 03 04:45:38 sep-appliance network-encryptor[14302]: [DP-STATS] crypto pps=[w0:214008 w1:214015 w2:214008 w3:214009 w4:107005 w5:107000] q_lan=[0,0,0,0,0,0] q_wan=[15,0,0,0,0,0] drop=[0,0,0,0,0,0]
Sep 03 04:45:43 sep-appliance network-encryptor[14302]: [DP-STATS] 4.6s LAN_RX=0.00G WAN_RX=6.93G TX_WAN=0.00G TX_LAN=6.47G bypass=0 local_drop=0 wan_fwd=43461009 wan_drop=5568 wan_policy_drop=0 rx_ring_drop(lan=0 wan=0) mid_ring_drop=0
Sep 03 04:45:43 sep-appliance network-encryptor[14302]: [DP-STATS] ring_depth lan_to_mid=0 wan_to_mid=0 mid_to_wan=0 mid_to_local=17 tx_no_free(wan0)=0 tx_full(lan=0 wan=0) pool_free=262048
Sep 03 04:45:43 sep-appliance network-encryptor[14302]: [DP-STATS] bond_reorder held=0 released=0 late_dup=0 gap_skip=0 overflow=0 evicted=0 held_high_water=0
Sep 03 04:45:43 sep-appliance network-encryptor[14302]: [DP-STATS] bond_reorder_proto tcp(h=0 r=0 late=0 gap=0 ovf=0 evict=0) udp(h=0 r=0 late=0 gap=0 ovf=0 evict=0)
Sep 03 04:45:43 sep-appliance network-encryptor[14302]: [DP-STATS] tx_slot_gbps tx0(L=1.94G W=0.00G) tx1(L=1.94G W=0.00G) tx2(L=1.29G W=0.00G) tx3(L=1.29G W=0.00G)
Sep 03 04:45:43 sep-appliance network-encryptor[14302]: [DP-STATS] route_connections crypto=[2,2,2,2,1,1] tx=[3,3,2,2]
Sep 03 04:45:43 sep-appliance network-encryptor[14302]: [DP-STATS] crypto pps=[w0:214009 w1:214006 w2:214007 w3:214007 w4:107002 w5:107006] q_lan=[0,0,0,0,0,0] q_wan=[0,0,0,0,0,0] drop=[0,0,0,0,0,0]
Sep 03 04:45:47 sep-appliance network-encryptor[14302]: [DP-STATS] 4.7s LAN_RX=0.00G WAN_RX=6.93G TX_WAN=0.00G TX_LAN=6.47G bypass=0 local_drop=0 wan_fwd=45991245 wan_drop=5568 wan_policy_drop=0 rx_ring_drop(lan=0 wan=0) mid_ring_drop=0
Sep 03 04:45:47 sep-appliance network-encryptor[14302]: [DP-STATS] ring_depth lan_to_mid=0 wan_to_mid=2 mid_to_wan=0 mid_to_local=1 tx_no_free(wan0)=0 tx_full(lan=0 wan=0) pool_free=262097
Sep 03 04:45:47 sep-appliance network-encryptor[14302]: [DP-STATS] bond_reorder held=0 released=0 late_dup=0 gap_skip=0 overflow=0 evicted=0 held_high_water=0
Sep 03 04:45:47 sep-appliance network-encryptor[14302]: [DP-STATS] bond_reorder_proto tcp(h=0 r=0 late=0 gap=0 ovf=0 evict=0) udp(h=0 r=0 late=0 gap=0 ovf=0 evict=0)
Sep 03 04:45:47 sep-appliance network-encryptor[14302]: [DP-STATS] tx_slot_gbps tx0(L=1.94G W=0.00G) tx1(L=1.94G W=0.00G) tx2(L=1.29G W=0.00G) tx3(L=1.29G W=0.00G)
Sep 03 04:45:47 sep-appliance network-encryptor[14302]: [DP-STATS] route_connections crypto=[2,2,2,2,1,1] tx=[3,3,2,2]
Sep 03 04:45:47 sep-appliance network-encryptor[14302]: [DP-STATS] crypto pps=[w0:214001 w1:214007 w2:214003 w3:214007 w4:107004 w5:107001] q_lan=[0,0,0,0,0,0] q_wan=[0,0,0,0,0,0] drop=[0,0,0,0,0,0]
Sep 03 04:45:52 sep-appliance network-encryptor[14302]: [DP-STATS] 4.7s LAN_RX=0.00G WAN_RX=6.93G TX_WAN=0.00G TX_LAN=6.47G bypass=0 local_drop=0 wan_fwd=48498206 wan_drop=5568 wan_policy_drop=0 rx_ring_drop(lan=0 wan=0) mid_ring_drop=0
Sep 03 04:45:52 sep-appliance network-encryptor[14302]: [DP-STATS] ring_depth lan_to_mid=0 wan_to_mid=0 mid_to_wan=0 mid_to_local=0 tx_no_free(wan0)=0 tx_full(lan=0 wan=0) pool_free=262095
Sep 03 04:45:52 sep-appliance network-encryptor[14302]: [DP-STATS] bond_reorder held=0 released=0 late_dup=0 gap_skip=0 overflow=0 evicted=0 held_high_water=0
Sep 03 04:45:52 sep-appliance network-encryptor[14302]: [DP-STATS] bond_reorder_proto tcp(h=0 r=0 late=0 gap=0 ovf=0 evict=0) udp(h=0 r=0 late=0 gap=0 ovf=0 evict=0)
Sep 03 04:45:52 sep-appliance network-encryptor[14302]: [DP-STATS] tx_slot_gbps tx0(L=1.94G W=0.00G) tx1(L=1.94G W=0.00G) tx2(L=1.29G W=0.00G) tx3(L=1.29G W=0.00G)
Sep 03 04:45:52 sep-appliance network-encryptor[14302]: [DP-STATS] route_connections crypto=[2,2,2,2,1,1] tx=[3,3,2,2]
Sep 03 04:45:52 sep-appliance network-encryptor[14302]: [DP-STATS] crypto pps=[w0:214008 w1:214001 w2:214008 w3:214005 w4:107002 w5:107003] q_lan=[0,0,0,0,0,0] q_wan=[0,0,0,0,0,0] drop=[0,0,0,0,0,0]
Sep 03 04:45:57 sep-appliance network-encryptor[14302]: [DP-STATS] 4.8s LAN_RX=0.00G WAN_RX=6.93G TX_WAN=0.00G TX_LAN=6.47G bypass=0 local_drop=0 wan_fwd=51040373 wan_drop=5568 wan_policy_drop=0 rx_ring_drop(lan=0 wan=0) mid_ring_drop=0
Sep 03 04:45:57 sep-appliance network-encryptor[14302]: [DP-STATS] ring_depth lan_to_mid=0 wan_to_mid=15 mid_to_wan=0 mid_to_local=13 tx_no_free(wan0)=0 tx_full(lan=0 wan=0) pool_free=262069
Sep 03 04:45:57 sep-appliance network-encryptor[14302]: [DP-STATS] bond_reorder held=0 released=0 late_dup=0 gap_skip=0 overflow=0 evicted=0 held_high_water=0
Sep 03 04:45:57 sep-appliance network-encryptor[14302]: [DP-STATS] bond_reorder_proto tcp(h=0 r=0 late=0 gap=0 ovf=0 evict=0) udp(h=0 r=0 late=0 gap=0 ovf=0 evict=0)
Sep 03 04:45:57 sep-appliance network-encryptor[14302]: [DP-STATS] tx_slot_gbps tx0(L=1.94G W=0.00G) tx1(L=1.94G W=0.00G) tx2(L=1.29G W=0.00G) tx3(L=1.29G W=0.00G)
Sep 03 04:45:57 sep-appliance network-encryptor[14302]: [DP-STATS] route_connections crypto=[2,2,2,2,1,1] tx=[3,3,2,2]
Sep 03 04:45:57 sep-appliance network-encryptor[14302]: [DP-STATS] crypto pps=[w0:214010 w1:214011 w2:214012 w3:214014 w4:107003 w5:107006] q_lan=[0,0,0,0,0,0] q_wan=[0,0,0,0,0,0] drop=[0,0,0,0,0,0]
Sep 03 04:46:16 sep-appliance network-encryptor[14302]: [PQC-HS-L3] Policy 2 missed 1 keepalive intervals; starting independent recovery as Initiator.
Sep 03 04:46:16 sep-appliance network-encryptor[14302]: [PQC-WORKER-L3] Policy 2: Dynamic role resolved. Local IP: 10.0.0.2 (167772162), Peer IP: 10.0.0.1 (167772161). Resolved Role: INITIATOR
Sep 03 04:46:16 sep-appliance network-encryptor[14302]: [PQC-WORKER-L3] Initiator Policy 2 sending HELLO session 3986650800 (try: 1)...
Sep 03 04:46:16 sep-appliance network-encryptor[14302]: [PQC-HS] Initiator Handshake SUCCESS for Policy 2. Promoted new key ID: 3 to CURRENT. Key prefix: 4E0802B2...
Sep 03 04:46:16 sep-appliance network-encryptor[14302]: [PQC-WORKER-L3] Handshake SUCCESS for Policy 2!
Sep 03 04:46:16 sep-appliance network-encryptor[14302]:   [ne-key] processing: match
Sep 03 04:46:16 sep-appliance network-encryptor[14302]: +----------+----------+----------+----------+
Sep 03 04:46:16 sep-appliance network-encryptor[14302]: | profile  | policy   | ne       | pqc_hs   |
Sep 03 04:46:16 sep-appliance network-encryptor[14302]: +----------+----------+----------+----------+
Sep 03 04:46:16 sep-appliance network-encryptor[14302]: | 75       | 2        | 4E0802B2 | 4E0802B2 |
Sep 03 04:46:16 sep-appliance network-encryptor[14302]: +----------+----------+----------+----------+
Sep 03 04:46:31 sep-appliance network-encryptor[14302]: [PQC-HS-L3] Policy 2 missed 1 keepalive intervals; starting independent recovery as Initiator.
Sep 03 04:46:31 sep-appliance network-encryptor[14302]: [PQC-WORKER-L3] Policy 2: Dynamic role resolved. Local IP: 10.0.0.2 (167772162), Peer IP: 10.0.0.1 (167772161). Resolved Role: INITIATOR
Sep 03 04:46:31 sep-appliance network-encryptor[14302]: [PQC-WORKER-L3] Initiator Policy 2 sending HELLO session 1041232806 (try: 1)...
Sep 03 04:46:31 sep-appliance network-encryptor[14302]: [PQC-HS] Initiator Handshake SUCCESS for Policy 2. Promoted new key ID: 4 to CURRENT. Key prefix: 9E4CB6A0...
Sep 03 04:46:31 sep-appliance network-encryptor[14302]: [PQC-WORKER-L3] Handshake SUCCESS for Policy 2!
Sep 03 04:46:31 sep-appliance network-encryptor[14302]:   [ne-key] processing: match
Sep 03 04:46:31 sep-appliance network-encryptor[14302]: +----------+----------+----------+----------+
Sep 03 04:46:31 sep-appliance network-encryptor[14302]: | profile  | policy   | ne       | pqc_hs   |
Sep 03 04:46:31 sep-appliance network-encryptor[14302]: +----------+----------+----------+----------+
Sep 03 04:46:31 sep-appliance network-encryptor[14302]: | 75       | 2        | 9E4CB6A0 | 9E4CB6A0 |
Sep 03 04:46:31 sep-appliance network-encryptor[14302]: +----------+----------+----------+----------+

Tỉ lệ drop và reoder
[ 38] 0.0000-100.0014 sec  7.28 GBytes   626 Mbits/sec   0.023 ms 29153/5349885 (0.54%)
[ 38] 0.0000-100.0014 sec  146661 datagrams received out-of-order
[ 40] 0.0000-100.0001 sec  7.28 GBytes   625 Mbits/sec   0.019 ms 32707/5349879 (0.61%)
[ 40] 0.0000-100.0001 sec  146597 datagrams received out-of-order
[ 32] 0.0000-100.0046 sec  7.28 GBytes   625 Mbits/sec   0.023 ms 31669/5349880 (0.59%)
[ 32] 0.0000-100.0046 sec  140749 datagrams received out-of-order
[ 34] 0.0000-100.0035 sec  7.29 GBytes   626 Mbits/sec   0.018 ms 28368/5349883 (0.53%)
[ 34] 0.0000-100.0035 sec  162205 datagrams received out-of-order
[ 36] 0.0000-100.0025 sec  7.28 GBytes   625 Mbits/sec   0.014 ms 30939/5349880 (0.58%)
[ 36] 0.0000-100.0025 sec  140490 datagrams received out-of-order
[ 39] 0.0000-100.0008 sec  7.28 GBytes   625 Mbits/sec   0.024 ms 34889/5349886 (0.65%)
[ 39] 0.0000-100.0008 sec  146158 datagrams received out-of-order
[ 33] 0.0000-100.0040 sec  7.28 GBytes   626 Mbits/sec   0.019 ms 30647/5349883 (0.57%)
[ 33] 0.0000-100.0040 sec  146460 datagrams received out-of-order
[ 37] 0.0000-100.0019 sec  7.28 GBytes   625 Mbits/sec   0.029 ms 33353/5349882 (0.62%)
[ 37] 0.0000-100.0019 sec  157834 datagrams received out-of-order
[ 35] 0.0000-100.0030 sec  7.29 GBytes   626 Mbits/sec   0.026 ms 25972/5349884 (0.49%)
[ 35] 0.0000-100.0030 sec  159559 datagrams received out-of-order
[ 31] 0.0000-100.0053 sec  7.28 GBytes   626 Mbits/sec   0.013 ms 29735/5349883 (0.56%)
[ 31] 0.0000-100.0053 sec  147236 datagrams received out-of-order
[ ID] Interval       Transfer     Bandwidth
[SUM] 0.0000-100.0053 sec  72.8 GBytes  6.25 Gbits/sec   307432/53498825 (0.57%)
[SUM] 0.0000-100.0053 sec  1493949 datagrams received out-of-order


tăng lên 5ms cũng chả có tác dụng lắm so với 2ms tỉ lệ drop tăng lên nhưng reoder chả thấy suy giảm nhận thấy logic xử lý giảm reoder đang vô tác dụng
[ ID] Interval       Transfer     Bandwidth        Jitter   Lost/Total Datagrams
[ 48] 0.0000-100.0005 sec  7.27 GBytes   625 Mbits/sec   0.023 ms 37867/5349886 (0.71%)
[ 48] 0.0000-100.0005 sec  156892 datagrams received out-of-order
[ 50] 0.0000-99.9993 sec  7.27 GBytes   624 Mbits/sec   0.015 ms 41545/5349884 (0.78%)
[ 50] 0.0000-99.9993 sec  154123 datagrams received out-of-order
[ 42] 0.0000-100.0037 sec  7.27 GBytes   624 Mbits/sec   0.022 ms 42329/5349881 (0.79%)
[ 42] 0.0000-100.0037 sec  149360 datagrams received out-of-order
[ 44] 0.0000-100.0027 sec  7.26 GBytes   624 Mbits/sec   0.020 ms 45017/5349885 (0.84%)
[ 44] 0.0000-100.0027 sec  145375 datagrams received out-of-order
[ 46] 0.0000-100.0016 sec  7.27 GBytes   625 Mbits/sec   0.014 ms 38273/5349882 (0.72%)
[ 46] 0.0000-100.0016 sec  138354 datagrams received out-of-order
[ 49] 0.0000-99.9999 sec  7.28 GBytes   625 Mbits/sec   0.025 ms 35606/5349878 (0.67%)
[ 49] 0.0000-99.9999 sec  151829 datagrams received out-of-order
[ 43] 0.0000-100.0032 sec  7.27 GBytes   624 Mbits/sec   0.022 ms 42379/5349884 (0.79%)
[ 43] 0.0000-100.0032 sec  155204 datagrams received out-of-order
[ 47] 0.0000-100.0010 sec  7.26 GBytes   624 Mbits/sec   0.016 ms 45594/5349879 (0.85%)
[ 47] 0.0000-100.0010 sec  158868 datagrams received out-of-order
[ 45] 0.0000-100.0021 sec  7.26 GBytes   624 Mbits/sec   0.015 ms 44223/5349880 (0.83%)
[ 45] 0.0000-100.0021 sec  152582 datagrams received out-of-order
[ 41] 0.0000-100.0043 sec  7.27 GBytes   624 Mbits/sec   0.015 ms 43129/5349878 (0.81%)
[ 41] 0.0000-100.0043 sec  150545 datagrams received out-of-order
[ ID] Interval       Transfer     Bandwidth
[SUM] 0.0000-100.0043 sec  72.7 GBytes  6.24 Gbits/sec   415962/53498817 (0.78%)
[SUM] 0.0000-100.0043 sec  1513132 datagrams received out-of-order

Test 1 wan thì hoàn hảo tỉ lệ drop và reoder giảm cực mạnh logic đang bị vấn đề với cái chia băng thông đang test với 6.5G test 10s
[ ID] Interval       Transfer     Bandwidth        Jitter   Lost/Total Datagrams
[ 87] 0.0000-9.9967 sec   748 MBytes   628 Mbits/sec   0.010 ms 1324/534993 (0.25%)
[ 87] 0.0000-9.9967 sec  5 datagrams received out-of-order
[ 89] 0.0000-9.9955 sec   748 MBytes   628 Mbits/sec   0.012 ms 1637/534993 (0.31%)
[ 81] 0.0000-10.0000 sec   748 MBytes   628 Mbits/sec   0.015 ms 1232/534989 (0.23%)
[ 81] 0.0000-10.0000 sec  31 datagrams received out-of-order
[ 82] 0.0000-9.9994 sec   748 MBytes   628 Mbits/sec   0.017 ms 1181/534989 (0.22%)
[ 82] 0.0000-9.9994 sec  7 datagrams received out-of-order
[ 84] 0.0000-9.9983 sec   748 MBytes   628 Mbits/sec   0.011 ms 1354/534993 (0.25%)
[ 84] 0.0000-9.9983 sec  9 datagrams received out-of-order
[ 86] 0.0000-9.9973 sec   748 MBytes   628 Mbits/sec   0.023 ms 1452/534989 (0.27%)
[ 86] 0.0000-9.9973 sec  1 datagrams received out-of-order
[ 90] 0.0000-9.9950 sec   748 MBytes   628 Mbits/sec   0.025 ms 1597/534996 (0.3%)
[ 83] 0.0000-9.9989 sec   748 MBytes   628 Mbits/sec   0.019 ms 1285/534988 (0.24%)
[ 83] 0.0000-9.9989 sec  6 datagrams received out-of-order
[ 88] 0.0000-9.9960 sec   748 MBytes   628 Mbits/sec   0.022 ms 1337/534989 (0.25%)
[ 88] 0.0000-9.9960 sec  4 datagrams received out-of-order
[ 85] 0.0000-9.9978 sec   748 MBytes   628 Mbits/sec   0.013 ms 1156/534995 (0.22%)
[ 85] 0.0000-9.9978 sec  2 datagrams received out-of-order
[ ID] Interval       Transfer     Bandwidth
[SUM] 0.0000-10.0001 sec  7.31 GBytes  6.28 Gbits/sec   13555/5349914 (0.25%)
[SUM] 0.0000-10.0001 sec  65 datagrams received out-of-order


[ ID] Interval       Transfer     Bandwidth        Jitter   Lost/Total Datagrams
[ 10] 0.0000-99.9955 sec  8.16 GBytes   701 Mbits/sec   0.014 ms 284702/6241528 (4.6%)
[  2] 0.0000-99.9990 sec  8.15 GBytes   700 Mbits/sec   0.021 ms 290367/6241532 (4.7%)
[  2] 0.0000-99.9990 sec  8 datagrams received out-of-order
[  4] 0.0000-99.9981 sec  8.15 GBytes   700 Mbits/sec   0.014 ms 289607/6241532 (4.6%)
[  6] 0.0000-99.9971 sec  8.18 GBytes   703 Mbits/sec   0.016 ms 265767/6241529 (4.3%)
[  8] 0.0000-99.9962 sec  8.16 GBytes   701 Mbits/sec   0.021 ms 281133/6241526 (4.5%)
[  1] 0.0000-99.9998 sec  8.16 GBytes   701 Mbits/sec   0.013 ms 284674/6241524 (4.6%)
[  1] 0.0000-99.9998 sec  37 datagrams received out-of-order
[  3] 0.0000-99.9985 sec  8.19 GBytes   703 Mbits/sec   0.014 ms 260582/6241529 (4.2%)
[  3] 0.0000-99.9985 sec  3 datagrams received out-of-order
[  7] 0.0000-99.9969 sec  8.15 GBytes   700 Mbits/sec   0.033 ms 288695/6241525 (4.6%)
[  7] 0.0000-99.9969 sec  2 datagrams received out-of-order
[  5] 0.0000-99.9976 sec  8.15 GBytes   700 Mbits/sec   0.017 ms 288817/6241525 (4.6%)
[  9] 0.0000-99.9961 sec  8.15 GBytes   700 Mbits/sec   0.027 ms 286582/6241526 (4.6%)
[ ID] Interval       Transfer     Bandwidth
[SUM] 0.0000-100.0000 sec  81.6 GBytes  7.01 Gbits/sec   2820926/62415276 (4.5%)
còn test với 7G,8G 10 connect thì tỉ lệ drop tăng rất cao không rõ nguyên nhân do cái gì rõ rang là CPU dư cực kỳ nhiều ?


Test đổ gói tin UDP với băng thông 6.5G trong vòng 100s tỉ lệ drop vẫn hơi cao
[ ID] Interval       Transfer     Bandwidth        Jitter   Lost/Total Datagrams
[ 20] 0.0000-99.9948 sec  7.28 GBytes   625 Mbits/sec   0.017 ms 31672/5349884 (0.59%)
[ 12] 0.0000-99.9992 sec  7.28 GBytes   625 Mbits/sec   0.019 ms 32086/5349881 (0.6%)
[ 12] 0.0000-99.9992 sec  6 datagrams received out-of-order
[ 14] 0.0000-99.9983 sec  7.28 GBytes   626 Mbits/sec   0.017 ms 29634/5349886 (0.55%)
[ 16] 0.0000-99.9972 sec  7.28 GBytes   626 Mbits/sec   0.019 ms 29087/5349885 (0.54%)
[ 16] 0.0000-99.9972 sec  1 datagrams received out-of-order
[ 18] 0.0000-99.9961 sec  7.28 GBytes   626 Mbits/sec   0.016 ms 30714/5349883 (0.57%)
[ 11] 0.0000-99.9998 sec  7.28 GBytes   625 Mbits/sec   0.017 ms 32749/5349883 (0.61%)
[ 11] 0.0000-99.9998 sec  33 datagrams received out-of-order
[ 13] 0.0000-99.9987 sec  7.29 GBytes   626 Mbits/sec   0.027 ms 26262/5349878 (0.49%)
[ 13] 0.0000-99.9987 sec  4 datagrams received out-of-order
[ 17] 0.0000-99.9967 sec  7.29 GBytes   626 Mbits/sec   0.018 ms 28516/5349886 (0.53%)
[ 15] 0.0000-99.9977 sec  7.28 GBytes   626 Mbits/sec   0.017 ms 30964/5349878 (0.58%)
[ 15] 0.0000-99.9977 sec  16 datagrams received out-of-order
[ 19] 0.0000-99.9957 sec  7.28 GBytes   626 Mbits/sec   0.022 ms 30044/5349884 (0.56%)
[ ID] Interval       Transfer     Bandwidth
[SUM] 0.0000-100.0001 sec  72.8 GBytes  6.26 Gbits/sec   301728/53498828 (0.56%)
[SUM] 0.0000-100.0001 sec  60 datagrams received out-of-order
[  8] WARNING: ack of last datagram failed.